Archive member included to satisfy reference by file (symbol)

/Applications/VEXcode Pro V5.app/Contents/Resources/sdk/vexv5/libv5rt.a(v5_startup.c.obj)
                              (vexStartup)
/Applications/VEXcode Pro V5.app/Contents/Resources/sdk/vexv5/libv5rt.a(v5_util.c.obj)
                              /Applications/VEXcode Pro V5.app/Contents/Resources/sdk/vexv5/libv5rt.a(v5_startup.c.obj) (vexStdlibVersionLinked)
/Applications/VEXcode Pro V5.app/Contents/Resources/sdk/vexv5/libv5rt.a(v5_apijump.c.obj)
                              /Applications/VEXcode Pro V5.app/Contents/Resources/sdk/vexv5/libv5rt.a(v5_startup.c.obj) (vexPrivateApiEnable)
/Applications/VEXcode Pro V5.app/Contents/Resources/sdk/vexv5/libv5rt.a(v5_apiversions.c.obj)
                              /Applications/VEXcode Pro V5.app/Contents/Resources/sdk/vexv5/libv5rt.a(v5_apijump.c.obj) (vexSystemVersion)
/Applications/VEXcode Pro V5.app/Contents/Resources/sdk/vexv5/libv5rt.a(vex_global.cpp.obj)
                              build/src/AutonUI.o (vex::wait(double, vex::timeUnits))
/Applications/VEXcode Pro V5.app/Contents/Resources/sdk/vexv5/libv5rt.a(vex_motor.cpp.obj)
                              build/src/globals.o (vex::motor::~motor())
/Applications/VEXcode Pro V5.app/Contents/Resources/sdk/vexv5/libv5rt.a(vex_imu.cpp.obj)
                              build/src/Santi-Template/drive.o (vex::inertial::setRotation(double, vex::rotationUnits))
/Applications/VEXcode Pro V5.app/Contents/Resources/sdk/vexv5/libv5rt.a(vex_rotation.cpp.obj)
                              build/src/main.o (vex::rotation::~rotation())
/Applications/VEXcode Pro V5.app/Contents/Resources/sdk/vexv5/libv5rt.a(vex_optical.cpp.obj)
                              build/src/globals.o (vex::optical::~optical())
/Applications/VEXcode Pro V5.app/Contents/Resources/sdk/vexv5/libv5rt.a(vex_distance.cpp.obj)
                              build/src/main.o (vex::distance::~distance())
/Applications/VEXcode Pro V5.app/Contents/Resources/sdk/vexv5/libv5rt.a(vex_gps.cpp.obj)
                              build/src/monte_carlo/gps_.o (vex::gps::setHeading(double, vex::rotationUnits))
/Applications/VEXcode Pro V5.app/Contents/Resources/sdk/vexv5/libv5rt.a(vex_controller.cpp.obj)
                              build/src/robot-config.o (vex::controller::~controller())
/Applications/VEXcode Pro V5.app/Contents/Resources/sdk/vexv5/libv5rt.a(vex_task.cpp.obj)
                              build/src/colorSort.o (vex::task::task())
/Applications/VEXcode Pro V5.app/Contents/Resources/sdk/vexv5/libv5rt.a(vex_thread.cpp.obj)
                              build/src/auton_interpreter.o (vex::this_thread::sleep_for(unsigned long))
/Applications/VEXcode Pro V5.app/Contents/Resources/sdk/vexv5/libv5rt.a(vex_event.cpp.obj)
                              /Applications/VEXcode Pro V5.app/Contents/Resources/sdk/vexv5/libv5rt.a(vex_imu.cpp.obj) (vex::event::init(unsigned long, unsigned long, void (*)()))
/Applications/VEXcode Pro V5.app/Contents/Resources/sdk/vexv5/libv5rt.a(vex_mevent.cpp.obj)
                              /Applications/VEXcode Pro V5.app/Contents/Resources/sdk/vexv5/libv5rt.a(vex_controller.cpp.obj) (vex::mevent::mevent(unsigned long, unsigned long))
/Applications/VEXcode Pro V5.app/Contents/Resources/sdk/vexv5/libv5rt.a(vex_brain.cpp.obj)
                              build/src/AutonUI.o (vex::brain::timer(vex::timeUnits))
/Applications/VEXcode Pro V5.app/Contents/Resources/sdk/vexv5/libv5rt.a(vex_competition.cpp.obj)
                              build/src/main.o (vex::competition::competition())
/Applications/VEXcode Pro V5.app/Contents/Resources/sdk/vexv5/libv5rt.a(vex_triport.cpp.obj)
                              build/src/main.o (vex::triport::~triport())
/Applications/VEXcode Pro V5.app/Contents/Resources/sdk/vexv5/libv5rt.a(vex_color.cpp.obj)
                              build/src/AutonUI.o (vex::color::~color())
/Applications/VEXcode Pro V5.app/Contents/Resources/sdk/vexv5/libv5rt.a(vex_timer.cpp.obj)
                              build/src/Santi-Template/ramsete.o (vex::timer::~timer())
/Applications/VEXcode Pro V5.app/Contents/Resources/sdk/vexv5/libv5rt.a(vex_motorgroup.cpp.obj)
                              build/src/Santi-Template/drive.o (vex::motor_group::motor_group_motors::motor_group_motors(vex::motor_group::motor_group_motors const&))
/Applications/VEXcode Pro V5.app/Contents/Resources/sdk/vexv5/libv5rt.a(v5_apiuser.c.obj)
                              /Applications/VEXcode Pro V5.app/Contents/Resources/sdk/vexv5/libv5rt.a(vex_triport.cpp.obj) (vexAdiPortConfigSet)
/Applications/VEXcode Pro V5.app/Contents/Resources/sdk/vexv5/libv5rt.a(vex_device.cpp.obj)
                              /Applications/VEXcode Pro V5.app/Contents/Resources/sdk/vexv5/libv5rt.a(vex_motor.cpp.obj) (vex::device::~device())
/Applications/VEXcode Pro V5.app/Contents/Resources/sdk/vexv5/gcc/libs/libc.a(lib_a-aeabi_memclr.o)
[...]
Memory Configuration

Name             Origin             Length             Attributes
ps7_ddr_0_S_AXI_BASEADDR 0x0000000003800000 0x0000000004800000
*default*        0x0000000000000000 0xffffffffffffffff

Linker script and memory map

                0x0000000000002000                _STACK_SIZE = DEFINED (_STACK_SIZE)?_STACK_SIZE:0x2000
                0x0000000000100000                _HEAP_SIZE = DEFINED (_HEAP_SIZE)?_HEAP_SIZE:0x100000
                0x0000000000000400                _ABORT_STACK_SIZE = DEFINED (_ABORT_STACK_SIZE)?_ABORT_STACK_SIZE:0x400
                0x0000000000000800                _SUPERVISOR_STACK_SIZE = DEFINED (_SUPERVISOR_STACK_SIZE)?_SUPERVISOR_STACK_SIZE:0x800
                0x0000000000000400                _IRQ_STACK_SIZE = DEFINED (_IRQ_STACK_SIZE)?_IRQ_STACK_SIZE:0x400
                0x0000000000000400                _FIQ_STACK_SIZE = DEFINED (_FIQ_STACK_SIZE)?_FIQ_STACK_SIZE:0x400
                0x0000000000000400                _UNDEF_STACK_SIZE = DEFINED (_UNDEF_STACK_SIZE)?_UNDEF_STACK_SIZE:0x400

.text           0x0000000003800000    0x16be0
 *(.vectors)
 *(.boot_data)
 .boot_data     0x0000000003800000       0x20 /Applications/VEXcode Pro V5.app/Contents/Resources/sdk/vexv5/libv5rt.a(v5_startup.c.obj)
                0x0000000003800000                vexCodeSig
                0x0000000000000020                . = 0x20
 *(.boot)
 .boot          0x0000000003800020       0xbc /Applications/VEXcode Pro V5.app/Contents/Resources/sdk/vexv5/libv5rt.a(v5_startup.c.obj)
                0x0000000003800020                vexStartup
                0x0000000003800100                . = ALIGN (0x40)
 *fill*         0x00000000038000dc       0x24 
 *(.freertos_vectors)
 *(.text)
 .text          0x0000000003800100       0x3a /Applications/VEXcode Pro V5.app/Contents/Resources/sdk/vexv5/gcc/libs/libc.a(lib_a-aeabi_memmove-soft.o)
                0x0000000003800100                __aeabi_memmove8
                0x0000000003800100                __aeabi_memmove4
                0x0000000003800100                __aeabi_memmove
 .text          0x000000000380013a       0x9a /Applications/VEXcode Pro V5.app/Contents/Resources/sdk/vexv5/gcc/libs/libc.a(lib_a-aeabi_memset-soft.o)
                0x000000000380013a                __aeabi_memset4
                0x000000000380013a                __aeabi_memset8
                0x000000000380013a                __aeabi_memset
 *(.text.*)
 .text._Z15runMatchByIndexRKSt6vectorI10MatchAutonSaIS0_EEib
                0x00000000038001d4       0x58 build/src/AutonRegistry.o
                0x00000000038001d4                runMatchByIndex(std::vector<MatchAuton, std::allocator<MatchAuton> > const&, int, bool)
 .text._Z16runSkillsByIndexRKSt6vectorI11SkillsAutonSaIS0_EEi
                0x000000000380022c       0x3c build/src/AutonRegistry.o
                0x000000000380022c                runSkillsByIndex(std::vector<SkillsAuton, std::allocator<SkillsAuton> > const&, int)
 .text._GLOBAL__sub_I_AutonRegistry.cpp
                0x0000000003800268       0x34 build/src/AutonRegistry.o
 .text._ZNSt6vectorI10MotorEntrySaIS0_EEC2ESt16initializer_listIS0_ERKS1_
                0x000000000380029c       0x58 build/src/AutonUI.o
                0x000000000380029c                std::vector<MotorEntry, std::allocator<MotorEntry> >::vector(std::initializer_list<MotorEntry>, std::allocator<MotorEntry> const&)
 .text._ZNSt6vectorI10MotorEntrySaIS0_EED2Ev
                0x00000000038002f4       0x24 build/src/AutonUI.o
                0x00000000038002f4                std::vector<MotorEntry, std::allocator<MotorEntry> >::~vector()
 .text._ZNSt6vectorI8ImuEntrySaIS0_EEC2ESt16initializer_listIS0_ERKS1_
                0x0000000003800318       0x58 build/src/AutonUI.o
                0x0000000003800318                std::vector<ImuEntry, std::allocator<ImuEntry> >::vector(std::initializer_list<ImuEntry>, std::allocator<ImuEntry> const&)
 .text._ZNSt6vectorI8ImuEntrySaIS0_EED2Ev
                0x0000000003800370       0x24 build/src/AutonUI.o
                0x0000000003800370                std::vector<ImuEntry, std::allocator<ImuEntry> >::~vector()
 .text._ZNSt6vectorI8GpsEntrySaIS0_EEC2ESt16initializer_listIS0_ERKS1_
                0x0000000003800394       0x58 build/src/AutonUI.o
                0x0000000003800394                std::vector<GpsEntry, std::allocator<GpsEntry> >::vector(std::initializer_list<GpsEntry>, std::allocator<GpsEntry> const&)
 .text._ZNSt6vectorI8GpsEntrySaIS0_EED2Ev
                0x00000000038003ec       0x24 build/src/AutonUI.o
                0x00000000038003ec                std::vector<GpsEntry, std::allocator<GpsEntry> >::~vector()
 .text._ZNSt6vectorI9DistEntrySaIS0_EEC2ESt16initializer_listIS0_ERKS1_
                0x0000000003800410       0x58 build/src/AutonUI.o
                0x0000000003800410                std::vector<DistEntry, std::allocator<DistEntry> >::vector(std::initializer_list<DistEntry>, std::allocator<DistEntry> const&)
 .text._ZNSt6vectorI9DistEntrySaIS0_EED2Ev
                0x0000000003800468       0x24 build/src/AutonUI.o
                0x0000000003800468                std::vector<DistEntry, std::allocator<DistEntry> >::~vector()
 .text._ZNSt6vectorI8OptEntrySaIS0_EEC2ESt16initializer_listIS0_ERKS1_
                0x000000000380048c       0x58 build/src/AutonUI.o
                0x000000000380048c                std::vector<OptEntry, std::allocator<OptEntry> >::vector(std::initializer_list<OptEntry>, std::allocator<OptEntry> const&)
 .text._ZNSt6vectorI8OptEntrySaIS0_EED2Ev
                0x00000000038004e4       0x24 build/src/AutonUI.o
                0x00000000038004e4                std::vector<OptEntry, std::allocator<OptEntry> >::~vector()
 .text._ZNSt6vectorI8RotEntrySaIS0_EEC2ESt16initializer_listIS0_ERKS1_
                0x0000000003800508       0x58 build/src/AutonUI.o
                0x0000000003800508                std::vector<RotEntry, std::allocator<RotEntry> >::vector(std::initializer_list<RotEntry>, std::allocator<RotEntry> const&)
 .text._ZNSt6vectorI8RotEntrySaIS0_EED2Ev
                0x0000000003800560       0x24 build/src/AutonUI.o
                0x0000000003800560                std::vector<RotEntry, std::allocator<RotEntry> >::~vector()
 .text._ZN7AutonUIC2ERN3vex5brainERNS0_10controllerE
                0x0000000003800584       0x2c build/src/AutonUI.o
                0x0000000003800584                AutonUI::AutonUI(vex::brain&, vex::controller&)
                0x0000000003800584                AutonUI::AutonUI(vex::brain&, vex::controller&)
 .text._ZN7AutonUI8fillRectEiiiiN3vex5colorE
                0x00000000038005b0       0x4c build/src/AutonUI.o
                0x00000000038005b0                AutonUI::fillRect(int, int, int, int, vex::color)
 .text._ZN7AutonUI10strokeRectEiiiiN3vex5colorEi
                0x00000000038005fc       0x48 build/src/AutonUI.o
                0x00000000038005fc                AutonUI::strokeRect(int, int, int, int, vex::color, int)
 .text._ZN7AutonUI12roundedPanelEiiiiN3vex5colorES1_
                0x0000000003800644       0xa0 build/src/AutonUI.o
                0x0000000003800644                AutonUI::roundedPanel(int, int, int, int, vex::color, vex::color)
 .text._ZN7AutonUI8drawTabsEv
                0x00000000038006e4      0x2fc build/src/AutonUI.o
                0x00000000038006e4                AutonUI::drawTabs()
 .text._ZN7AutonUI16drawStatsSubtabsEv
                0x00000000038009e0      0x2fc build/src/AutonUI.o
                0x00000000038009e0                AutonUI::drawStatsSubtabs()
 .text._ZN7AutonUI8drawListERKSt6vectorISsSaISsEE
                0x0000000003800cdc      0x1f0 build/src/AutonUI.o
                0x0000000003800cdc                AutonUI::drawList(std::vector<std::string, std::allocator<std::string> > const&)
 .text._ZN7AutonUI15drawColorToggleEv
                0x0000000003800ecc      0x198 build/src/AutonUI.o
                0x0000000003800ecc                AutonUI::drawColorToggle()
 .text._ZN7AutonUI11drawConfirmEv
                0x0000000003801064       0xb4 build/src/AutonUI.o
                0x0000000003801064                AutonUI::drawConfirm()
 .text._ZN7AutonUI15buildMotorLinesEv
                0x0000000003801118      0x320 build/src/AutonUI.o
                0x0000000003801118                AutonUI::buildMotorLines()
 .text._ZNSt6vectorISsSaISsEED2Ev
                0x0000000003801438       0x44 build/src/AutonUI.o
                0x0000000003801438                std::vector<std::string, std::allocator<std::string> >::~vector()
 .text._ZN7AutonUI16buildSensorLinesEv
                0x000000000380147c     0x1484 build/src/AutonUI.o
                0x000000000380147c                AutonUI::buildSensorLines()
 .text._ZN7AutonUI16buildToggleLinesEv
                0x0000000003802900      0x490 build/src/AutonUI.o
                0x0000000003802900                AutonUI::buildToggleLines()
 .text._ZN7AutonUI15handleToggleTapEi
                0x0000000003802d90       0x64 build/src/AutonUI.o
                0x0000000003802d90                AutonUI::handleToggleTap(int)
 .text._ZNK7AutonUI10listItemAtEii
                0x0000000003802df4       0x88 build/src/AutonUI.o
                0x0000000003802df4                AutonUI::listItemAt(int, int) const
 .text._ZN7AutonUI15handleTouchOnceERKSt6vectorISsSaISsEE
                0x0000000003802e7c      0x11c build/src/AutonUI.o
                0x0000000003802e7c                AutonUI::handleTouchOnce(std::vector<std::string, std::allocator<std::string> > const&)
 .text._ZN7AutonUI11runBlockingERKSt6vectorI10MatchAutonSaIS1_EERKS0_I11SkillsAutonSaIS6_EE
                0x0000000003802f98      0x8dc build/src/AutonUI.o
                0x0000000003802f98                AutonUI::runBlocking(std::vector<MatchAuton, std::allocator<MatchAuton> > const&, std::vector<SkillsAuton, std::allocator<SkillsAuton> > const&)
 .text._ZNSt6vectorISsSaISsEE7reserveEj
                0x0000000003803874       0xc8 build/src/AutonUI.o
                0x0000000003803874                std::vector<std::string, std::allocator<std::string> >::reserve(unsigned int)
 .text._ZNSt6vectorISsSaISsEE9push_backERKSs
                0x000000000380393c       0x3c build/src/AutonUI.o
                0x000000000380393c                std::vector<std::string, std::allocator<std::string> >::push_back(std::string const&)
 .text._ZNSt12_Vector_baseISsSaISsEE11_M_allocateEj
                0x0000000003803978       0x30 build/src/AutonUI.o
                0x0000000003803978                std::_Vector_base<std::string, std::allocator<std::string> >::_M_allocate(unsigned int)
 .text._ZNSt6vectorISsSaISsEE19_M_emplace_back_auxIJRKSsEEEvDpOT_
                0x00000000038039a8       0xb0 build/src/AutonUI.o
                0x00000000038039a8                void std::vector<std::string, std::allocator<std::string> >::_M_emplace_back_aux<std::string const&>(std::string const&)
 .text._ZNKSt6vectorISsSaISsEE12_M_check_lenEjPKc
                0x0000000003803a58       0x54 build/src/AutonUI.o
                0x0000000003803a58                std::vector<std::string, std::allocator<std::string> >::_M_check_len(unsigned int, char const*) const
 .text._ZNSt6vectorISsSaISsEE19_M_emplace_back_auxIJSsEEEvDpOT_
                0x0000000003803aac       0xa8 build/src/AutonUI.o
                0x0000000003803aac                void std::vector<std::string, std::allocator<std::string> >::_M_emplace_back_aux<std::string>(std::string&&)
 .text._ZNSt12_Vector_baseI10MotorEntrySaIS0_EE11_M_allocateEj
                0x0000000003803b54       0x30 build/src/AutonUI.o
                0x0000000003803b54                std::_Vector_base<MotorEntry, std::allocator<MotorEntry> >::_M_allocate(unsigned int)
 .text._ZNSt12_Vector_baseI8ImuEntrySaIS0_EE11_M_allocateEj
                0x0000000003803b84       0x30 build/src/AutonUI.o
                0x0000000003803b84                std::_Vector_base<ImuEntry, std::allocator<ImuEntry> >::_M_allocate(unsigned int)
 .text._ZNSt12_Vector_baseI8GpsEntrySaIS0_EE11_M_allocateEj
                0x0000000003803bb4       0x30 build/src/AutonUI.o
                0x0000000003803bb4                std::_Vector_base<GpsEntry, std::allocator<GpsEntry> >::_M_allocate(unsigned int)
 .text._ZNSt12_Vector_baseI9DistEntrySaIS0_EE11_M_allocateEj
                0x0000000003803be4       0x30 build/src/AutonUI.o
                0x0000000003803be4                std::_Vector_base<DistEntry, std::allocator<DistEntry> >::_M_allocate(unsigned int)
 .text._ZNSt12_Vector_baseI8OptEntrySaIS0_EE11_M_allocateEj
                0x0000000003803c14       0x30 build/src/AutonUI.o
                0x0000000003803c14                std::_Vector_base<OptEntry, std::allocator<OptEntry> >::_M_allocate(unsigned int)
 .text._ZNSt12_Vector_baseI8RotEntrySaIS0_EE11_M_allocateEj
                0x0000000003803c44       0x30 build/src/AutonUI.o
                0x0000000003803c44                std::_Vector_base<RotEntry, std::allocator<RotEntry> >::_M_allocate(unsigned int)
 .text._GLOBAL__sub_I_AutonUI.cpp
                0x0000000003803c74      0x3a4 build/src/AutonUI.o
 .text._Z17default_constantsv
                0x0000000003804018      0x12c build/src/auton_constants.o
                0x0000000003804018                default_constants()
 .text._Z28big_drive_constants_forwardsv
                0x0000000003804144       0x6c build/src/auton_constants.o
                0x0000000003804144                big_drive_constants_forwards()
 .text._Z24small_turn_constants_12vv
                0x00000000038041b0       0x70 build/src/auton_constants.o
                0x00000000038041b0                small_turn_constants_12v()
 .text._Z33big_turn_fast_speed_constants_12vv
                0x0000000003804220       0x70 build/src/auton_constants.o
                0x0000000003804220                big_turn_fast_speed_constants_12v()
 .text._Z14odom_constantsv
                0x0000000003804290       0x44 build/src/auton_constants.o
                0x0000000003804290                odom_constants()
 .text._GLOBAL__sub_I_auton_constants.cpp
                0x00000000038042d4       0x34 build/src/auton_constants.o
 .text._GLOBAL__sub_I_auton_interpreter.cpp
                0x0000000003804308       0x34 build/src/auton_interpreter.o
 *fill*         0x000000000380433c        0x4 
 .text._Z14rightBlueElimsv
                0x0000000003804340      0x4a8 build/src/autons.o
                0x0000000003804340                rightBlueElims()
 .text._Z13rightRedElimsv
                0x00000000038047e8      0x498 build/src/autons.o
                0x00000000038047e8                rightRedElims()
 .text._Z12leftRedElimsv
                0x0000000003804c80      0x4c0 build/src/autons.o
                0x0000000003804c80                leftRedElims()
 .text._Z13leftBlueElimsv
                0x0000000003805140      0x4b8 build/src/autons.o
                0x0000000003805140                leftBlueElims()
 .text._Z7soloAWPv
                0x00000000038055f8      0x668 build/src/autons.o
                0x00000000038055f8                soloAWP()
 .text._Z6ball13v
                0x0000000003805c60      0x6c8 build/src/autons.o
                0x0000000003805c60                ball13()
 .text._Z14safeProgSkillsv
                0x0000000003806328      0xae8 build/src/autons.o
                0x0000000003806328                safeProgSkills()
 .text._Z7redHookv
                0x0000000003806e10      0x280 build/src/autons.o
                0x0000000003806e10                redHook()
 .text._Z14redLeftDiddlerv
                0x0000000003807090      0x718 build/src/autons.o
                0x0000000003807090                redLeftDiddler()
 .text._Z19redLeftDiddlerElimsv
                0x00000000038077a8      0x748 build/src/autons.o
                0x00000000038077a8                redLeftDiddlerElims()
 .text._Z8blueHookv
                0x0000000003807ef0      0x280 build/src/autons.o
                0x0000000003807ef0                blueHook()
 .text._Z15blueLeftDiddlerv
                0x0000000003808170      0x6e8 build/src/autons.o
                0x0000000003808170                blueLeftDiddler()
 .text._Z20blueLeftDiddlerElimsv
                0x0000000003808858      0x720 build/src/autons.o
                0x0000000003808858                blueLeftDiddlerElims()
 .text._GLOBAL__sub_I_autons.cpp
                0x0000000003808f78       0x34 build/src/autons.o
 .text._ZN9colorSortC2Ei8sortType
                0x0000000003808fac       0x40 build/src/colorSort.o
                0x0000000003808fac                colorSort::colorSort(int, sortType)
                0x0000000003808fac                colorSort::colorSort(int, sortType)
 .text._GLOBAL__sub_I_colorSort.cpp
                0x0000000003808fec       0x34 build/src/colorSort.o
 .text._Z8intakeInv
                0x0000000003809020       0x28 build/src/drive_helpers.o
                0x0000000003809020                intakeIn()
 .text._Z9intakeOutv
                0x0000000003809048       0x68 build/src/drive_helpers.o
                0x0000000003809048                intakeOut()
 .text._Z9intakeOffv
                0x00000000038090b0       0xa4 build/src/drive_helpers.o
                0x00000000038090b0                intakeOff()
 .text._Z10lowerTotalv
                0x0000000003809154       0x60 build/src/drive_helpers.o
                0x0000000003809154                lowerTotal()
 .text._Z15toggleMatchLoadv
                0x00000000038091b4       0x74 build/src/drive_helpers.o
                0x00000000038091b4                toggleMatchLoad()
 .text._Z10raiseTotalv
                0x0000000003809228       0x58 build/src/drive_helpers.o
                0x0000000003809228                raiseTotal()
 .text._Z8highGoalv
                0x0000000003809280       0xe8 build/src/drive_helpers.o
                0x0000000003809280                highGoal()
 .text._Z10middleGoalv
                0x0000000003809368       0xc8 build/src/drive_helpers.o
                0x0000000003809368                middleGoal()
 .text._Z15stopSecondStagev
                0x0000000003809430      0x198 build/src/drive_helpers.o
                0x0000000003809430                stopSecondStage()
 .text._Z8aPressedv
                0x00000000038095c8       0xc8 build/src/drive_helpers.o
                0x00000000038095c8                aPressed()
 .text._Z9aReleasedv
                0x0000000003809690       0x24 build/src/drive_helpers.o
                0x0000000003809690                aReleased()
 .text._Z13toggleDescorev
                0x00000000038096b4       0x60 build/src/drive_helpers.o
                0x00000000038096b4                toggleDescore()
 .text._Z13toggleAlignerv
                0x0000000003809714       0x60 build/src/drive_helpers.o
                0x0000000003809714                toggleAligner()
 .text._Z15toggleColorSortv
                0x0000000003809774       0x28 build/src/drive_helpers.o
                0x0000000003809774                toggleColorSort()
 .text._GLOBAL__sub_I_drive_helpers.cpp
                0x000000000380979c       0x34 build/src/drive_helpers.o
 .text._ZN9colorSortD2Ev
                0x00000000038097d0       0x4c build/src/globals.o
                0x00000000038097d0                colorSort::~colorSort()
 .text._ZN6intakeD2Ev
                0x000000000380981c       0x30 build/src/globals.o
                0x000000000380981c                intake::~intake()
 .text._ZN10SavedModelD2Ev
                0x000000000380984c       0x54 build/src/globals.o
                0x000000000380984c                SavedModel::~SavedModel()
 .text._GLOBAL__sub_I_globals.cpp
                0x00000000038098a0      0x124 build/src/globals.o
 .text._ZN6intakeC2Ei12intakeStatus12travelStatusii
                0x00000000038099c4       0xe8 build/src/intake.o
                0x00000000038099c4                intake::intake(int, intakeStatus, travelStatus, int, int)
                0x00000000038099c4                intake::intake(int, intakeStatus, travelStatus, int, int)
 .text._ZN6intake15middleGoalDelayEdN3vex9timeUnitsE
                0x0000000003809aac       0x3c build/src/intake.o
                0x0000000003809aac                intake::middleGoalDelay(double, vex::timeUnits)
 .text._ZN6intake13highGoalDelayEdN3vex9timeUnitsE
                0x0000000003809ae8       0x3c build/src/intake.o
                0x0000000003809ae8                intake::highGoalDelay(double, vex::timeUnits)
 .text._ZN6intake12descoreDelayEdN3vex9timeUnitsE
                0x0000000003809b24       0x3c build/src/intake.o
                0x0000000003809b24                intake::descoreDelay(double, vex::timeUnits)
 .text._ZN6intake17setIntakeVelocityEd
                0x0000000003809b60       0x38 build/src/intake.o
                0x0000000003809b60                intake::setIntakeVelocity(double)
 .text._ZN6intake17setTravelVelocityEd
                0x0000000003809b98       0x3c build/src/intake.o
                0x0000000003809b98                intake::setTravelVelocity(double)
 *fill*         0x0000000003809bd4        0x4 
 .text._ZN6intake10intakeLoopEv
                0x0000000003809bd8      0x49c build/src/intake.o
                0x0000000003809bd8                intake::intakeLoop()
 .text._ZN6intake16intake_loop_taskEPv
                0x000000000380a074       0x1c build/src/intake.o
                0x000000000380a074                intake::intake_loop_task(void*)
 .text._ZN6intake17startIntakeThreadEv
                0x000000000380a090       0x38 build/src/intake.o
                0x000000000380a090                intake::startIntakeThread()
 .text._GLOBAL__sub_I_intake.cpp
                0x000000000380a0c8       0x34 build/src/intake.o
 .text._ZNSt6vectorI10MatchAutonSaIS0_EED2Ev
                0x000000000380a0fc       0x44 build/src/main.o
                0x000000000380a0fc                std::vector<MatchAuton, std::allocator<MatchAuton> >::~vector()
 .text._ZNSt6vectorI11SkillsAutonSaIS0_EED2Ev
                0x000000000380a140       0x44 build/src/main.o
                0x000000000380a140                std::vector<SkillsAuton, std::allocator<SkillsAuton> >::~vector()
 .text._ZN11monte_carloD2Ev
                0x000000000380a184       0x80 build/src/main.o
                0x000000000380a184                monte_carlo::~monte_carlo()
 .text._ZN17ControllerDisplayD2Ev
                0x000000000380a204       0x3c build/src/main.o
                0x000000000380a204                ControllerDisplay::~ControllerDisplay()
 .text._ZN3vex11motor_groupC2IJNS_5motorES2_EEERS2_DpRT_
                0x000000000380a240       0x44 build/src/main.o
                0x000000000380a240                vex::motor_group::motor_group<vex::motor, vex::motor>(vex::motor&, vex::motor&, vex::motor&)
 .text._ZN5DriveD2Ev
                0x000000000380a284       0x80 build/src/main.o
                0x000000000380a284                Drive::~Drive()
 .text._Z13toggleDisplayv
                0x000000000380a304       0x24 build/src/main.o
                0x000000000380a304                toggleDisplay()
 .text._Z10scrollDownv
                0x000000000380a328       0x80 build/src/main.o
                0x000000000380a328                scrollDown()
 .text._Z8scrollUpv
                0x000000000380a3a8       0x6c build/src/main.o
                0x000000000380a3a8                scrollUp()
 .text._ZN17ControllerDisplay5startESt8functionIFvvEE
                0x000000000380a414       0x50 build/src/main.o
                0x000000000380a414                ControllerDisplay::start(std::function<void ()>)
 .text._Z16telem_predict_xyRdS_
                0x000000000380a464      0x1d8 build/src/main.o
                0x000000000380a464                telem_predict_xy(double&, double&)
 .text._ZNSt6vectorIdSaIdEEC2ESt16initializer_listIdERKS0_
                0x000000000380a63c       0x58 build/src/main.o
                0x000000000380a63c                std::vector<double, std::allocator<double> >::vector(std::initializer_list<double>, std::allocator<double> const&)
 .text._Z5inferRK10SavedModelRKSt6vectorIdSaIdEE
                0x000000000380a694      0x174 build/src/main.o
                0x000000000380a694                infer(SavedModel const&, std::vector<double, std::allocator<double> > const&)
 .text._Z9pre_autonv
                0x000000000380a808      0x3a8 build/src/main.o
                0x000000000380a808                pre_auton()
 .text._Z10autonomousv
                0x000000000380abb0       0x78 build/src/main.o
                0x000000000380abb0                autonomous()
 .text._Z11usercontrolv
                0x000000000380ac28      0x480 build/src/main.o
                0x000000000380ac28                usercontrol()
 .text.main     0x000000000380b0a8       0x68 build/src/main.o
                0x000000000380b0a8                main
 .text._ZNSt8functionIFvvEEaSERKS1_
                0x000000000380b110       0xa4 build/src/main.o
                0x000000000380b110                std::function<void ()>::operator=(std::function<void ()> const&)
 .text._ZN17ControllerDisplay4loopEPv
                0x000000000380b1b4      0x13c build/src/main.o
                0x000000000380b1b4                ControllerDisplay::loop(void*)
 .text._Z11standardizeRKSt6vectorIdSaIdEES3_S3_
                0x000000000380b2f0      0x174 build/src/main.o
                0x000000000380b2f0                standardize(std::vector<double, std::allocator<double> > const&, std::vector<double, std::allocator<double> > const&, std::vector<double, std::allocator<double> > const&)
 .text._ZNSt6vectorIdSaIdEEC2ERKS1_
                0x000000000380b464       0x78 build/src/main.o
                0x000000000380b464                std::vector<double, std::allocator<double> >::vector(std::vector<double, std::allocator<double> > const&)
 .text._ZNSt6vectorIdSaIdEEC2EjRKS0_
                0x000000000380b4dc       0x54 build/src/main.o
                0x000000000380b4dc                std::vector<double, std::allocator<double> >::vector(unsigned int, std::allocator<double> const&)
 .text._ZNSt12_Vector_baseIdSaIdEE11_M_allocateEj
                0x000000000380b530       0x30 build/src/main.o
                0x000000000380b530                std::_Vector_base<double, std::allocator<double> >::_M_allocate(unsigned int)
 .text._ZNSt6vectorIjSaIjEEC2ERKS1_
                0x000000000380b560       0x78 build/src/main.o
                0x000000000380b560                std::vector<unsigned int, std::allocator<unsigned int> >::vector(std::vector<unsigned int, std::allocator<unsigned int> > const&)
 .text._ZNSt12_Vector_baseIjSaIjEE11_M_allocateEj
                0x000000000380b5d8       0x30 build/src/main.o
                0x000000000380b5d8                std::_Vector_base<unsigned int, std::allocator<unsigned int> >::_M_allocate(unsigned int)
 .text._ZNSt6vectorIdSaIdEE14_M_move_assignEOS1_St17integral_constantIbLb1EE
                0x000000000380b608       0x5c build/src/main.o
                0x000000000380b608                std::vector<double, std::allocator<double> >::_M_move_assign(std::vector<double, std::allocator<double> >&&, std::integral_constant<bool, true>)
 .text._ZNSt6vectorI10MatchAutonSaIS0_EE19_M_range_initializeIPKS0_EEvT_S6_St20forward_iterator_tag
                0x000000000380b664       0x6c build/src/main.o
                0x000000000380b664                void std::vector<MatchAuton, std::allocator<MatchAuton> >::_M_range_initialize<MatchAuton const*>(MatchAuton const*, MatchAuton const*, std::forward_iterator_tag)
 .text._ZNSt12_Vector_baseI10MatchAutonSaIS0_EE11_M_allocateEj
                0x000000000380b6d0       0x3c build/src/main.o
                0x000000000380b6d0                std::_Vector_base<MatchAuton, std::allocator<MatchAuton> >::_M_allocate(unsigned int)
 .text._ZNSt6vectorI11SkillsAutonSaIS0_EE19_M_range_initializeIPKS0_EEvT_S6_St20forward_iterator_tag
                0x000000000380b70c       0x5c build/src/main.o
                0x000000000380b70c                void std::vector<SkillsAuton, std::allocator<SkillsAuton> >::_M_range_initialize<SkillsAuton const*>(SkillsAuton const*, SkillsAuton const*, std::forward_iterator_tag)
 .text._ZNSt12_Vector_baseI11SkillsAutonSaIS0_EE11_M_allocateEj
                0x000000000380b768       0x30 build/src/main.o
                0x000000000380b768                std::_Vector_base<SkillsAuton, std::allocator<SkillsAuton> >::_M_allocate(unsigned int)
 .text._ZNSt6vectorISsSaISsEE19_M_range_initializeIPKSsEEvT_S5_St20forward_iterator_tag
                0x000000000380b798       0x54 build/src/main.o
                0x000000000380b798                void std::vector<std::string, std::allocator<std::string> >::_M_range_initialize<std::string const*>(std::string const*, std::string const*, std::forward_iterator_tag)
 .text._ZNSt17_Function_handlerIFvvEZ11usercontrolvE3$_2E9_M_invokeERKSt9_Any_data
                0x000000000380b7ec       0x8c build/src/main.o
 .text._ZNSt14_Function_base13_Base_managerIZ11usercontrolvE3$_2E10_M_managerERSt9_Any_dataRKS3_St18_Manager_operation
                0x000000000380b878       0x54 build/src/main.o
 .text._ZN17ControllerDisplay16addFormattedLineEPKcz
                0x000000000380b8cc       0xd0 build/src/main.o
                0x000000000380b8cc                ControllerDisplay::addFormattedLine(char const*, ...)
 .text._GLOBAL__sub_I_main.cpp
                0x000000000380b99c      0x618 build/src/main.o
 .text._Z11vexcodeInitv
                0x000000000380bfb4        0x4 build/src/robot-config.o
                0x000000000380bfb4                vexcodeInit()
 .text._GLOBAL__sub_I_robot_config.cpp
                0x000000000380bfb8      0x558 build/src/robot-config.o
 .text._ZN3PIDC2Efffff
                0x000000000380c510       0x38 build/src/Santi-Template/PID.o
                0x000000000380c510                PID::PID(float, float, float, float, float)
                0x000000000380c510                PID::PID(float, float, float, float, float)
 .text._ZN3PIDC2Effffffff
                0x000000000380c548       0x50 build/src/Santi-Template/PID.o
                0x000000000380c548                PID::PID(float, float, float, float, float, float, float, float)
                0x000000000380c548                PID::PID(float, float, float, float, float, float, float, float)
 .text._ZN3PID7computeEf
                0x000000000380c598       0xd0 build/src/Santi-Template/PID.o
                0x000000000380c598                PID::compute(float)
 .text._ZN3PID10is_settledEv
                0x000000000380c668       0x44 build/src/Santi-Template/PID.o
                0x000000000380c668                PID::is_settled()
 .text._GLOBAL__sub_I_PID.cpp
                0x000000000380c6ac       0x34 build/src/Santi-Template/PID.o
 .text._ZN5DriveC2E11drive_setupN3vex11motor_groupES2_ifffiiiiiffiff
                0x000000000380c6e0      0x3f8 build/src/Santi-Template/drive.o
                0x000000000380c6e0                Drive::Drive(drive_setup, vex::motor_group, vex::motor_group, int, float, float, float, int, int, int, int, int, float, float, int, float, float)
                0x000000000380c6e0                Drive::Drive(drive_setup, vex::motor_group, vex::motor_group, int, float, float, float, int, int, int, int, int, float, float, int, float, float)
 .text._ZN5Drive18drive_with_voltageEff
                0x000000000380cad8       0x6c build/src/Santi-Template/drive.o
                0x000000000380cad8                Drive::drive_with_voltage(float, float)
 .text._ZN5Drive18set_turn_constantsEfffff
                0x000000000380cb44       0x1c build/src/Santi-Template/drive.o
                0x000000000380cb44                Drive::set_turn_constants(float, float, float, float, float)
 .text._ZN5Drive19set_drive_constantsEfffff
                0x000000000380cb60       0x1c build/src/Santi-Template/drive.o
                0x000000000380cb60                Drive::set_drive_constants(float, float, float, float, float)
 .text._ZN5Drive21set_heading_constantsEfffff
                0x000000000380cb7c       0x30 build/src/Santi-Template/drive.o
                0x000000000380cb7c                Drive::set_heading_constants(float, float, float, float, float)
 .text._ZN5Drive19set_swing_constantsEfffff
                0x000000000380cbac       0x28 build/src/Santi-Template/drive.o
                0x000000000380cbac                Drive::set_swing_constants(float, float, float, float, float)
 .text._ZN5Drive24set_turn_exit_conditionsEfff
                0x000000000380cbd4        0xc build/src/Santi-Template/drive.o
                0x000000000380cbd4                Drive::set_turn_exit_conditions(float, float, float)
 .text._ZN5Drive25set_drive_exit_conditionsEfff
                0x000000000380cbe0        0xc build/src/Santi-Template/drive.o
                0x000000000380cbe0                Drive::set_drive_exit_conditions(float, float, float)
 .text._ZN5Drive25set_swing_exit_conditionsEfff
                0x000000000380cbec       0x10 build/src/Santi-Template/drive.o
                0x000000000380cbec                Drive::set_swing_exit_conditions(float, float, float)
 *fill*         0x000000000380cbfc        0x4 
 .text._ZN5Drive20get_absolute_headingEv
                0x000000000380cc00       0x48 build/src/Santi-Template/drive.o
                0x000000000380cc00                Drive::get_absolute_heading()
 .text._ZN5Drive10drive_stopEN3vex9brakeTypeE
                0x000000000380cc48       0x28 build/src/Santi-Template/drive.o
                0x000000000380cc48                Drive::drive_stop(vex::brakeType)
 .text._ZN5Drive13turn_to_angleEf
                0x000000000380cc70       0x50 build/src/Santi-Template/drive.o
                0x000000000380cc70                Drive::turn_to_angle(float)
 .text._ZN5Drive13turn_to_angleEfffffffff
                0x000000000380ccc0      0x150 build/src/Santi-Template/drive.o
                0x000000000380ccc0                Drive::turn_to_angle(float, float, float, float, float, float, float, float, float)
 .text._ZN5Drive14drive_distanceEf
                0x000000000380ce10      0x100 build/src/Santi-Template/drive.o
                0x000000000380ce10                Drive::drive_distance(float)
 .text._ZN5Drive14drive_distanceEfffffffffffffff
                0x000000000380cf10      0x2c0 build/src/Santi-Template/drive.o
                0x000000000380cf10                Drive::drive_distance(float, float, float, float, float, float, float, float, float, float, float, float, float, float, float)
 .text._ZN5Drive14drive_distanceEff
                0x000000000380d1d0       0xb4 build/src/Santi-Template/drive.o
                0x000000000380d1d0                Drive::drive_distance(float, float)
 .text._ZN5Drive19left_swing_to_angleEf
                0x000000000380d284       0x88 build/src/Santi-Template/drive.o
                0x000000000380d284                Drive::left_swing_to_angle(float)
 *fill*         0x000000000380d30c        0x4 
 .text._ZN5Drive19left_swing_to_angleEfbffffffff
                0x000000000380d310      0x1f8 build/src/Santi-Template/drive.o
                0x000000000380d310                Drive::left_swing_to_angle(float, bool, float, float, float, float, float, float, float, float)
 .text._ZN5Drive20right_swing_to_angleEf
                0x000000000380d508       0x88 build/src/Santi-Template/drive.o
                0x000000000380d508                Drive::right_swing_to_angle(float)
 .text._ZN5Drive20right_swing_to_angleEfbffffffff
                0x000000000380d590      0x1f8 build/src/Santi-Template/drive.o
                0x000000000380d590                Drive::right_swing_to_angle(float, bool, float, float, float, float, float, float, float, float)
 .text._ZN5Drive32left_front_sensor_drive_distanceEddd
                0x000000000380d788      0x128 build/src/Santi-Template/drive.o
                0x000000000380d788                Drive::left_front_sensor_drive_distance(double, double, double)
 .text._ZN5Drive32left_front_sensor_drive_distanceEdddddddddddddddddddid
                0x000000000380d8b0      0x620 build/src/Santi-Template/drive.o
                0x000000000380d8b0                Drive::left_front_sensor_drive_distance(double, double, double, double, double, double, double, double, double, double, double, double, double, double, double, double, double, double, double, int, double)
 .text._ZL21correctedPerpDistancedddd
                0x000000000380ded0       0x98 build/src/Santi-Template/drive.o
 .text._ZN5Drive33right_front_sensor_drive_distanceEddd
                0x000000000380df68      0x128 build/src/Santi-Template/drive.o
                0x000000000380df68                Drive::right_front_sensor_drive_distance(double, double, double)
 .text._ZN5Drive33right_front_sensor_drive_distanceEdddddddddddddddddddid
                0x000000000380e090      0x638 build/src/Santi-Template/drive.o
                0x000000000380e090                Drive::right_front_sensor_drive_distance(double, double, double, double, double, double, double, double, double, double, double, double, double, double, double, double, double, double, double, int, double)
 .text._ZN5Drive27get_ForwardTracker_positionEv
                0x000000000380e6c8       0xa0 build/src/Santi-Template/drive.o
                0x000000000380e6c8                Drive::get_ForwardTracker_position()
 .text._ZN5Drive28get_SidewaysTracker_positionEv
                0x000000000380e768       0x88 build/src/Santi-Template/drive.o
                0x000000000380e768                Drive::get_SidewaysTracker_position()
 .text._ZN5Drive14position_trackEv
                0x000000000380e7f0       0x88 build/src/Santi-Template/drive.o
                0x000000000380e7f0                Drive::position_track()
 .text._ZN5Drive11set_headingEf
                0x000000000380e878       0x50 build/src/Santi-Template/drive.o
                0x000000000380e878                Drive::set_heading(float)
 .text._ZN5Drive15set_coordinatesEfff
                0x000000000380e8c8       0xb8 build/src/Santi-Template/drive.o
                0x000000000380e8c8                Drive::set_coordinates(float, float, float)
 .text._ZN5Drive19position_track_taskEv
                0x000000000380e980       0x14 build/src/Santi-Template/drive.o
                0x000000000380e980                Drive::position_track_task()
 .text._ZN5Drive14get_X_positionEv
                0x000000000380e994        0x8 build/src/Santi-Template/drive.o
                0x000000000380e994                Drive::get_X_position()
 .text._ZN5Drive14get_Y_positionEv
                0x000000000380e99c        0x8 build/src/Santi-Template/drive.o
                0x000000000380e99c                Drive::get_Y_position()
 .text._ZN5Drive14drive_to_pointEff
                0x000000000380e9a4       0xbc build/src/Santi-Template/drive.o
                0x000000000380e9a4                Drive::drive_to_point(float, float)
 .text._ZN5Drive14drive_to_pointEffffffffffffffff
                0x000000000380ea60      0x394 build/src/Santi-Template/drive.o
                0x000000000380ea60                Drive::drive_to_point(float, float, float, float, float, float, float, float, float, float, float, float, float, float, float, float)
 .text._ZN5Drive18control_tank_rickyEv
                0x000000000380edf4       0xdc build/src/Santi-Template/drive.o
                0x000000000380edf4                Drive::control_tank_ricky()
 .text._GLOBAL__sub_I_drive.cpp
                0x000000000380eed0       0x34 build/src/Santi-Template/drive.o
 .text._ZN4Odom22set_physical_distancesEff
                0x000000000380ef04        0x8 build/src/Santi-Template/odom.o
                0x000000000380ef04                Odom::set_physical_distances(float, float)
 .text._ZN4Odom12set_positionEfffff
                0x000000000380ef0c       0x1c build/src/Santi-Template/odom.o
                0x000000000380ef0c                Odom::set_position(float, float, float, float, float)
 .text._ZN4Odom15update_positionEfff
                0x000000000380ef28      0x1a4 build/src/Santi-Template/odom.o
                0x000000000380ef28                Odom::update_position(float, float, float)
 .text._GLOBAL__sub_I_odom.cpp
                0x000000000380f0cc       0x34 build/src/Santi-Template/odom.o
 .text._GLOBAL__sub_I_ramsete.cpp
                0x000000000380f100       0x34 build/src/Santi-Template/ramsete.o
 *fill*         0x000000000380f134        0x4 
 .text._Z6to_radf
                0x000000000380f138       0x28 build/src/Santi-Template/util.o
                0x000000000380f138                to_rad(float)
 .text._Z15reduce_0_to_360f
                0x000000000380f160       0x7c build/src/Santi-Template/util.o
                0x000000000380f160                reduce_0_to_360(float)
 .text._Z26reduce_negative_180_to_180f
                0x000000000380f1dc       0x90 build/src/Santi-Template/util.o
                0x000000000380f1dc                reduce_negative_180_to_180(float)
 .text._Z24reduce_negative_90_to_90f
                0x000000000380f26c       0x90 build/src/Santi-Template/util.o
                0x000000000380f26c                reduce_negative_90_to_90(float)
 *fill*         0x000000000380f2fc        0x4 
 .text._Z6to_degf
                0x000000000380f300       0x28 build/src/Santi-Template/util.o
                0x000000000380f300                to_deg(float)
 .text._Z5clampfff
                0x000000000380f328       0x2c build/src/Santi-Template/util.o
                0x000000000380f328                clamp(float, float, float)
 .text._Z11is_reversedd
                0x000000000380f354       0x18 build/src/Santi-Template/util.o
                0x000000000380f354                is_reversed(double)
 *fill*         0x000000000380f36c        0x4 
 .text._Z7to_voltd
                0x000000000380f370       0x28 build/src/Santi-Template/util.o
                0x000000000380f370                to_volt(double)
 .text._Z7to_porti
                0x000000000380f398       0x10 build/src/Santi-Template/util.o
                0x000000000380f398                to_port(int)
 .text._Z15is_line_settledfffff
                0x000000000380f3a8       0xa8 build/src/Santi-Template/util.o
                0x000000000380f3a8                is_line_settled(float, float, float, float, float)
 .text._Z20left_voltage_scalingff
                0x000000000380f450       0x48 build/src/Santi-Template/util.o
                0x000000000380f450                left_voltage_scaling(float, float)
 .text._Z21right_voltage_scalingff
                0x000000000380f498       0x48 build/src/Santi-Template/util.o
                0x000000000380f498                right_voltage_scaling(float, float)
 .text._Z17clamp_min_voltageff
                0x000000000380f4e0       0x4c build/src/Santi-Template/util.o
                0x000000000380f4e0                clamp_min_voltage(float, float)
 .text._GLOBAL__sub_I_util.cpp
                0x000000000380f52c       0x34 build/src/Santi-Template/util.o
 .text._Z14predict_valuesRKSt6vectorIdSaIdEES3_RK5Shape
                0x000000000380f560      0x304 build/src/ai/mlp_flex.o
                0x000000000380f560                predict_values(std::vector<double, std::allocator<double> > const&, std::vector<double, std::allocator<double> > const&, Shape const&)
 .text._Z13predict_valueRKSt6vectorIdSaIdEES3_RK5Shape
                0x000000000380f864       0x58 build/src/ai/mlp_flex.o
                0x000000000380f864                predict_value(std::vector<double, std::allocator<double> > const&, std::vector<double, std::allocator<double> > const&, Shape const&)
 .text._Z13predict_probaRKSt6vectorIdSaIdEES3_RK5Shape
                0x000000000380f8bc       0x2c build/src/ai/mlp_flex.o
                0x000000000380f8bc                predict_proba(std::vector<double, std::allocator<double> > const&, std::vector<double, std::allocator<double> > const&, Shape const&)
 .text._ZNSt6vectorIdSaIdEE14_M_fill_assignEjRKd
                0x000000000380f8e8       0xe8 build/src/ai/mlp_flex.o
                0x000000000380f8e8                std::vector<double, std::allocator<double> >::_M_fill_assign(unsigned int, double const&)
 .text._ZNSt6vectorIdSaIdEEC2EjRKdRKS0_
                0x000000000380f9d0       0x5c build/src/ai/mlp_flex.o
                0x000000000380f9d0                std::vector<double, std::allocator<double> >::vector(unsigned int, double const&, std::allocator<double> const&)
 .text._Z10load_modelPKcR10SavedModel
                0x000000000380fa2c      0x370 build/src/ai/model_io.o
                0x000000000380fa2c                load_model(char const*, SavedModel&)
 .text._ZNSt6vectorIdSaIdEE6resizeEj
                0x000000000380fd9c       0x30 build/src/ai/model_io.o
                0x000000000380fd9c                std::vector<double, std::allocator<double> >::resize(unsigned int)
 .text._ZNSt6vectorIjSaIjEE19_M_emplace_back_auxIJRKjEEEvDpOT_
                0x000000000380fdcc       0x80 build/src/ai/model_io.o
                0x000000000380fdcc                void std::vector<unsigned int, std::allocator<unsigned int> >::_M_emplace_back_aux<unsigned int const&>(unsigned int const&)
 .text._ZNKSt6vectorIjSaIjEE12_M_check_lenEjPKc
                0x000000000380fe4c       0x54 build/src/ai/model_io.o
                0x000000000380fe4c                std::vector<unsigned int, std::allocator<unsigned int> >::_M_check_len(unsigned int, char const*) const
 .text._ZNSt6vectorIdSaIdEE17_M_default_appendEj
                0x000000000380fea0       0xcc build/src/ai/model_io.o
                0x000000000380fea0                std::vector<double, std::allocator<double> >::_M_default_append(unsigned int)
 .text._ZNKSt6vectorIdSaIdEE12_M_check_lenEjPKc
                0x000000000380ff6c       0x54 build/src/ai/model_io.o
                0x000000000380ff6c                std::vector<double, std::allocator<double> >::_M_check_len(unsigned int, char const*) const
 .text._GLOBAL__sub_I_13ball.cpp
                0x000000000380ffc0       0x34 build/src/autons/13ball.o
 .text._GLOBAL__sub_I_9ball_elims.cpp
                0x000000000380fff4       0x34 build/src/autons/9ball_elims.o
 .text._GLOBAL__sub_I_hook_macros.cpp
                0x0000000003810028       0x34 build/src/autons/hook_macros.o
 .text._GLOBAL__sub_I_quals_hook.cpp
                0x000000000381005c       0x34 build/src/autons/quals_hook.o
 .text._Z7lastBitv
                0x0000000003810090      0x840 build/src/autons/risky_progSkills.o
                0x0000000003810090                lastBit()
 .text._Z16risky_progSkillsv
                0x00000000038108d0      0x9e8 build/src/autons/risky_progSkills.o
                0x00000000038108d0                risky_progSkills()
 .text._GLOBAL__sub_I_risky_progSkills.cpp
                0x00000000038112b8       0x34 build/src/autons/risky_progSkills.o
 .text._GLOBAL__sub_I_risky_soloAWP.cpp
                0x00000000038112ec       0x34 build/src/autons/risky_soloAWP.o
 .text._GLOBAL__sub_I_safe_progSkills.cpp
                0x0000000003811320       0x34 build/src/autons/safe_progSkills.o
 .text._GLOBAL__sub_I_safe_soloAWP.cpp
                0x0000000003811354       0x34 build/src/autons/safe_soloAWP.o
 .text._GLOBAL__sub_I_shame.cpp
                0x0000000003811388       0x34 build/src/autons/shame.o
 .text._GLOBAL__sub_I_slam_macros.cpp
                0x00000000038113bc       0x34 build/src/autons/slam_macros.o
 .text._ZN4gps_C2Eifff
                0x00000000038113f0       0x70 build/src/monte_carlo/gps_.o
                0x00000000038113f0                gps_::gps_(int, float, float, float)
                0x00000000038113f0                gps_::gps_(int, float, float, float)
 .text._GLOBAL__sub_I_gps_.cpp
                0x0000000003811460       0x34 build/src/monte_carlo/gps_.o
 .text._ZN11monte_carloC2Efffffiffffiffiffiffiff
                0x0000000003811494       0xf4 build/src/monte_carlo/monte_carlo.o
                0x0000000003811494                monte_carlo::monte_carlo(float, float, float, float, float, int, float, float, float, float, int, float, float, int, float, float, int, float, float, int, float, float)
                0x0000000003811494                monte_carlo::monte_carlo(float, float, float, float, float, int, float, float, float, float, int, float, float, int, float, float, int, float, float, int, float, float)
 .text._GLOBAL__sub_I_monte_carlo.cpp
                0x0000000003811588       0x34 build/src/monte_carlo/monte_carlo.o
 .text._ZN5TelemC2Efiffiffiffiff
                0x00000000038115bc       0xc4 build/src/monte_carlo/telemetry.o
                0x00000000038115bc                Telem::Telem(float, int, float, float, int, float, float, int, float, float, int, float, float)
                0x00000000038115bc                Telem::Telem(float, int, float, float, int, float, float, int, float, float, int, float, float)
 .text._GLOBAL__sub_I_telemetry.cpp
                0x0000000003811680       0x34 build/src/monte_carlo/telemetry.o
 .text.vexMain  0x00000000038116b4       0xb0 /Applications/VEXcode Pro V5.app/Contents/Resources/sdk/vexv5/libv5rt.a(v5_startup.c.obj)
                0x00000000038116b4                vexMain
 .text.__vex_function_prolog
                0x0000000003811764       0x18 /Applications/VEXcode Pro V5.app/Contents/Resources/sdk/vexv5/libv5rt.a(v5_startup.c.obj)
                0x0000000003811764                __vex_function_prolog
 .text._init    0x000000000381177c        0x4 /Applications/VEXcode Pro V5.app/Contents/Resources/sdk/vexv5/libv5rt.a(v5_startup.c.obj)
                0x000000000381177c                _init
 .text._fini    0x0000000003811780        0x4 /Applications/VEXcode Pro V5.app/Contents/Resources/sdk/vexv5/libv5rt.a(v5_startup.c.obj)
                0x0000000003811780                _fini
 .text.vexStdlibVersionLinked
                0x0000000003811784        0xc /Applications/VEXcode Pro V5.app/Contents/Resources/sdk/vexv5/libv5rt.a(v5_util.c.obj)
                0x0000000003811784                vexStdlibVersionLinked
 .text.vexStdlibVersionVerify
                0x0000000003811790       0x30 /Applications/VEXcode Pro V5.app/Contents/Resources/sdk/vexv5/libv5rt.a(v5_util.c.obj)
                0x0000000003811790                vexStdlibVersionVerify
 .text.vexPrivateApiEnable
                0x00000000038117c0       0x10 /Applications/VEXcode Pro V5.app/Contents/Resources/sdk/vexv5/libv5rt.a(v5_apijump.c.obj)
                0x00000000038117c0                vexPrivateApiEnable
 .text.vexStdlibMismatchError
                0x00000000038117d0       0x3c /Applications/VEXcode Pro V5.app/Contents/Resources/sdk/vexv5/libv5rt.a(v5_apijump.c.obj)
                0x00000000038117d0                vexStdlibMismatchError
 .text.vexTaskAdd
                0x000000000381180c       0x10 /Applications/VEXcode Pro V5.app/Contents/Resources/sdk/vexv5/libv5rt.a(v5_apijump.c.obj)
                0x000000000381180c                vexTaskAdd
 .text.vexTasksRun
                0x000000000381181c       0x10 /Applications/VEXcode Pro V5.app/Contents/Resources/sdk/vexv5/libv5rt.a(v5_apijump.c.obj)
                0x000000000381181c                vexTasksRun
 .text.vexTaskYield
                0x000000000381182c       0x10 /Applications/VEXcode Pro V5.app/Contents/Resources/sdk/vexv5/libv5rt.a(v5_apijump.c.obj)
                0x000000000381182c                vexTaskYield
 .text.vexTaskCheckTimeslice
                0x000000000381183c       0x10 /Applications/VEXcode Pro V5.app/Contents/Resources/sdk/vexv5/libv5rt.a(v5_apijump.c.obj)
                0x000000000381183c                vexTaskCheckTimeslice
 .text.vexTaskGetIndex
                0x000000000381184c       0x10 /Applications/VEXcode Pro V5.app/Contents/Resources/sdk/vexv5/libv5rt.a(v5_apijump.c.obj)
                0x000000000381184c                vexTaskGetIndex
 .text.vexTaskSleep
                0x000000000381185c       0x10 /Applications/VEXcode Pro V5.app/Contents/Resources/sdk/vexv5/libv5rt.a(v5_apijump.c.obj)
                0x000000000381185c                vexTaskSleep
 .text.vexTasksDump
                0x000000000381186c       0x1c /Applications/VEXcode Pro V5.app/Contents/Resources/sdk/vexv5/libv5rt.a(v5_apijump.c.obj)
                0x000000000381186c                vexTasksDump
 .text.vexTaskGetTaskIndex
                0x0000000003811888       0x10 /Applications/VEXcode Pro V5.app/Contents/Resources/sdk/vexv5/libv5rt.a(v5_apijump.c.obj)
                0x0000000003811888                vexTaskGetTaskIndex
 .text.vexTaskStopAll
                0x0000000003811898       0x10 /Applications/VEXcode Pro V5.app/Contents/Resources/sdk/vexv5/libv5rt.a(v5_apijump.c.obj)
                0x0000000003811898                vexTaskStopAll
 .text.vexTaskRemoveAllUser
                0x00000000038118a8       0x34 /Applications/VEXcode Pro V5.app/Contents/Resources/sdk/vexv5/libv5rt.a(v5_apijump.c.obj)
                0x00000000038118a8                vexTaskRemoveAllUser
 .text.vexTaskCompletionIdSet
                0x00000000038118dc       0x10 /Applications/VEXcode Pro V5.app/Contents/Resources/sdk/vexv5/libv5rt.a(v5_apijump.c.obj)
                0x00000000038118dc                vexTaskCompletionIdSet
 .text.vexTaskAddWithArg
                0x00000000038118ec       0x10 /Applications/VEXcode Pro V5.app/Contents/Resources/sdk/vexv5/libv5rt.a(v5_apijump.c.obj)
                0x00000000038118ec                vexTaskAddWithArg
 .text.vexTaskStopWithId
                0x00000000038118fc       0x10 /Applications/VEXcode Pro V5.app/Contents/Resources/sdk/vexv5/libv5rt.a(v5_apijump.c.obj)
                0x00000000038118fc                vexTaskStopWithId
 .text.vexTaskGetCallbackAndId
                0x000000000381190c       0x54 /Applications/VEXcode Pro V5.app/Contents/Resources/sdk/vexv5/libv5rt.a(v5_apijump.c.obj)
                0x000000000381190c                vexTaskGetCallbackAndId
 .text.vexCriticalSection
                0x0000000003811960       0x2c /Applications/VEXcode Pro V5.app/Contents/Resources/sdk/vexv5/libv5rt.a(v5_apijump.c.obj)
                0x0000000003811960                vexCriticalSection
 .text.vexEventAdd
                0x000000000381198c       0x34 /Applications/VEXcode Pro V5.app/Contents/Resources/sdk/vexv5/libv5rt.a(v5_apijump.c.obj)
                0x000000000381198c                vexEventAdd
 .text.vexEventUserIndexGet
                0x00000000038119c0       0x1c /Applications/VEXcode Pro V5.app/Contents/Resources/sdk/vexv5/libv5rt.a(v5_apijump.c.obj)
                0x00000000038119c0                vexEventUserIndexGet
 .text.vexEventAddWithArg
                0x00000000038119dc       0x3c /Applications/VEXcode Pro V5.app/Contents/Resources/sdk/vexv5/libv5rt.a(v5_apijump.c.obj)
                0x00000000038119dc                vexEventAddWithArg
 .text.vexEventsCleanup
                0x0000000003811a18       0x2c /Applications/VEXcode Pro V5.app/Contents/Resources/sdk/vexv5/libv5rt.a(v5_apijump.c.obj)
                0x0000000003811a18                vexEventsCleanup
 .text.vexDebug
                0x0000000003811a44       0x38 /Applications/VEXcode Pro V5.app/Contents/Resources/sdk/vexv5/libv5rt.a(v5_apijump.c.obj)
                0x0000000003811a44                vexDebug
 .text.vex_sprintf
                0x0000000003811a7c       0x40 /Applications/VEXcode Pro V5.app/Contents/Resources/sdk/vexv5/libv5rt.a(v5_apijump.c.obj)
                0x0000000003811a7c                vex_sprintf
 .text.vex_vsnprintf
                0x0000000003811abc       0x3c /Applications/VEXcode Pro V5.app/Contents/Resources/sdk/vexv5/libv5rt.a(v5_apijump.c.obj)
                0x0000000003811abc                vex_vsnprintf
 .text.vexSystemTimeGet
                0x0000000003811af8       0x1c /Applications/VEXcode Pro V5.app/Contents/Resources/sdk/vexv5/libv5rt.a(v5_apijump.c.obj)
                0x0000000003811af8                vexSystemTimeGet
 .text.vexSystemExitRequest
                0x0000000003811b14       0x1c /Applications/VEXcode Pro V5.app/Contents/Resources/sdk/vexv5/libv5rt.a(v5_apijump.c.obj)
                0x0000000003811b14                vexSystemExitRequest
 .text.vexDeviceGetByIndex
                0x0000000003811b30       0x24 /Applications/VEXcode Pro V5.app/Contents/Resources/sdk/vexv5/libv5rt.a(v5_apijump.c.obj)
                0x0000000003811b30                vexDeviceGetByIndex
 .text.vexControllerGet
                0x0000000003811b54       0x2c /Applications/VEXcode Pro V5.app/Contents/Resources/sdk/vexv5/libv5rt.a(v5_apijump.c.obj)
                0x0000000003811b54                vexControllerGet
 .text.vexControllerTextSet
                0x0000000003811b80       0x74 /Applications/VEXcode Pro V5.app/Contents/Resources/sdk/vexv5/libv5rt.a(v5_apijump.c.obj)
                0x0000000003811b80                vexControllerTextSet
 .text.vexDeviceAdiPortConfigSet
                0x0000000003811bf4       0x34 /Applications/VEXcode Pro V5.app/Contents/Resources/sdk/vexv5/libv5rt.a(v5_apijump.c.obj)
                0x0000000003811bf4                vexDeviceAdiPortConfigSet
 .text.vexDeviceAdiPortConfigGet
                0x0000000003811c28       0x2c /Applications/VEXcode Pro V5.app/Contents/Resources/sdk/vexv5/libv5rt.a(v5_apijump.c.obj)
                0x0000000003811c28                vexDeviceAdiPortConfigGet
 .text.vexDeviceAdiValueSet
                0x0000000003811c54       0x34 /Applications/VEXcode Pro V5.app/Contents/Resources/sdk/vexv5/libv5rt.a(v5_apijump.c.obj)
                0x0000000003811c54                vexDeviceAdiValueSet
 .text.vexDeviceAdiValueGet
                0x0000000003811c88       0x2c /Applications/VEXcode Pro V5.app/Contents/Resources/sdk/vexv5/libv5rt.a(v5_apijump.c.obj)
                0x0000000003811c88                vexDeviceAdiValueGet
 .text.vexDeviceMotorVelocitySet
                0x0000000003811cb4       0x2c /Applications/VEXcode Pro V5.app/Contents/Resources/sdk/vexv5/libv5rt.a(v5_apijump.c.obj)
                0x0000000003811cb4                vexDeviceMotorVelocitySet
 .text.vexDeviceMotorVoltageSet
                0x0000000003811ce0       0x2c /Applications/VEXcode Pro V5.app/Contents/Resources/sdk/vexv5/libv5rt.a(v5_apijump.c.obj)
                0x0000000003811ce0                vexDeviceMotorVoltageSet
 .text.vexDeviceMotorActualVelocityGet
                0x0000000003811d0c       0x24 /Applications/VEXcode Pro V5.app/Contents/Resources/sdk/vexv5/libv5rt.a(v5_apijump.c.obj)
                0x0000000003811d0c                vexDeviceMotorActualVelocityGet
 .text.vexDeviceMotorTemperatureGet
                0x0000000003811d30       0x24 /Applications/VEXcode Pro V5.app/Contents/Resources/sdk/vexv5/libv5rt.a(v5_apijump.c.obj)
                0x0000000003811d30                vexDeviceMotorTemperatureGet
 .text.vexDeviceMotorReverseFlagSet
                0x0000000003811d54       0x2c /Applications/VEXcode Pro V5.app/Contents/Resources/sdk/vexv5/libv5rt.a(v5_apijump.c.obj)
                0x0000000003811d54                vexDeviceMotorReverseFlagSet
 .text.vexDeviceMotorEncoderUnitsSet
                0x0000000003811d80       0x2c /Applications/VEXcode Pro V5.app/Contents/Resources/sdk/vexv5/libv5rt.a(v5_apijump.c.obj)
                0x0000000003811d80                vexDeviceMotorEncoderUnitsSet
 .text.vexDeviceMotorBrakeModeSet
                0x0000000003811dac       0x2c /Applications/VEXcode Pro V5.app/Contents/Resources/sdk/vexv5/libv5rt.a(v5_apijump.c.obj)
                0x0000000003811dac                vexDeviceMotorBrakeModeSet
 .text.vexDeviceMotorPositionSet
                0x0000000003811dd8       0x34 /Applications/VEXcode Pro V5.app/Contents/Resources/sdk/vexv5/libv5rt.a(v5_apijump.c.obj)
                0x0000000003811dd8                vexDeviceMotorPositionSet
 .text.vexDeviceMotorPositionGet
                0x0000000003811e0c       0x24 /Applications/VEXcode Pro V5.app/Contents/Resources/sdk/vexv5/libv5rt.a(v5_apijump.c.obj)
                0x0000000003811e0c                vexDeviceMotorPositionGet
 .text.vexDeviceMotorGearingSet
                0x0000000003811e30       0x2c /Applications/VEXcode Pro V5.app/Contents/Resources/sdk/vexv5/libv5rt.a(v5_apijump.c.obj)
                0x0000000003811e30                vexDeviceMotorGearingSet
 .text.vexDeviceMotorGearingGet
                0x0000000003811e5c       0x24 /Applications/VEXcode Pro V5.app/Contents/Resources/sdk/vexv5/libv5rt.a(v5_apijump.c.obj)
                0x0000000003811e5c                vexDeviceMotorGearingGet
 .text.vexDeviceImuReset
                0x0000000003811e80       0x24 /Applications/VEXcode Pro V5.app/Contents/Resources/sdk/vexv5/libv5rt.a(v5_apijump.c.obj)
                0x0000000003811e80                vexDeviceImuReset
 .text.vexDeviceImuHeadingGet
                0x0000000003811ea4       0x24 /Applications/VEXcode Pro V5.app/Contents/Resources/sdk/vexv5/libv5rt.a(v5_apijump.c.obj)
                0x0000000003811ea4                vexDeviceImuHeadingGet
 .text.vexDeviceImuDegreesGet
                0x0000000003811ec8       0x24 /Applications/VEXcode Pro V5.app/Contents/Resources/sdk/vexv5/libv5rt.a(v5_apijump.c.obj)
                0x0000000003811ec8                vexDeviceImuDegreesGet
 .text.vexDeviceImuAttitudeGet
                0x0000000003811eec       0x2c /Applications/VEXcode Pro V5.app/Contents/Resources/sdk/vexv5/libv5rt.a(v5_apijump.c.obj)
                0x0000000003811eec                vexDeviceImuAttitudeGet
 .text.vexDeviceImuStatusGet
                0x0000000003811f18       0x24 /Applications/VEXcode Pro V5.app/Contents/Resources/sdk/vexv5/libv5rt.a(v5_apijump.c.obj)
                0x0000000003811f18                vexDeviceImuStatusGet
 .text.vexDeviceAbsEncPositionGet
                0x0000000003811f3c       0x24 /Applications/VEXcode Pro V5.app/Contents/Resources/sdk/vexv5/libv5rt.a(v5_apijump.c.obj)
                0x0000000003811f3c                vexDeviceAbsEncPositionGet
 .text.vexDeviceAbsEncAngleGet
                0x0000000003811f60       0x24 /Applications/VEXcode Pro V5.app/Contents/Resources/sdk/vexv5/libv5rt.a(v5_apijump.c.obj)
                0x0000000003811f60                vexDeviceAbsEncAngleGet
 .text.vexDeviceAbsEncReverseFlagSet
                0x0000000003811f84       0x2c /Applications/VEXcode Pro V5.app/Contents/Resources/sdk/vexv5/libv5rt.a(v5_apijump.c.obj)
                0x0000000003811f84                vexDeviceAbsEncReverseFlagSet
 .text.vexDeviceOpticalHueGet
                0x0000000003811fb0       0x24 /Applications/VEXcode Pro V5.app/Contents/Resources/sdk/vexv5/libv5rt.a(v5_apijump.c.obj)
                0x0000000003811fb0                vexDeviceOpticalHueGet
 .text.vexDeviceOpticalBrightnessGet
                0x0000000003811fd4       0x24 /Applications/VEXcode Pro V5.app/Contents/Resources/sdk/vexv5/libv5rt.a(v5_apijump.c.obj)
                0x0000000003811fd4                vexDeviceOpticalBrightnessGet
 .text.vexDeviceOpticalProximityGet
                0x0000000003811ff8       0x24 /Applications/VEXcode Pro V5.app/Contents/Resources/sdk/vexv5/libv5rt.a(v5_apijump.c.obj)
                0x0000000003811ff8                vexDeviceOpticalProximityGet
 .text.vexDeviceOpticalLedPwmSet
                0x000000000381201c       0x2c /Applications/VEXcode Pro V5.app/Contents/Resources/sdk/vexv5/libv5rt.a(v5_apijump.c.obj)
                0x000000000381201c                vexDeviceOpticalLedPwmSet
 .text.vexDeviceOpticalGestureEnable
                0x0000000003812048       0x24 /Applications/VEXcode Pro V5.app/Contents/Resources/sdk/vexv5/libv5rt.a(v5_apijump.c.obj)
                0x0000000003812048                vexDeviceOpticalGestureEnable
 .text.vexDeviceOpticalGestureDisable
                0x000000000381206c       0x24 /Applications/VEXcode Pro V5.app/Contents/Resources/sdk/vexv5/libv5rt.a(v5_apijump.c.obj)
                0x000000000381206c                vexDeviceOpticalGestureDisable
 .text.vexDeviceOpticalProximityThreshold
                0x0000000003812090       0x2c /Applications/VEXcode Pro V5.app/Contents/Resources/sdk/vexv5/libv5rt.a(v5_apijump.c.obj)
                0x0000000003812090                vexDeviceOpticalProximityThreshold
 .text.vexDeviceDistanceDistanceGet
                0x00000000038120bc       0x24 /Applications/VEXcode Pro V5.app/Contents/Resources/sdk/vexv5/libv5rt.a(v5_apijump.c.obj)
                0x00000000038120bc                vexDeviceDistanceDistanceGet
 .text.vexDeviceDistanceObjectSizeGet
                0x00000000038120e0       0x24 /Applications/VEXcode Pro V5.app/Contents/Resources/sdk/vexv5/libv5rt.a(v5_apijump.c.obj)
                0x00000000038120e0                vexDeviceDistanceObjectSizeGet
 .text.vexDeviceGpsReset
                0x0000000003812104       0x38 /Applications/VEXcode Pro V5.app/Contents/Resources/sdk/vexv5/libv5rt.a(v5_apijump.c.obj)
                0x0000000003812104                vexDeviceGpsReset
 .text.vexDeviceGpsHeadingGet
                0x000000000381213c       0x44 /Applications/VEXcode Pro V5.app/Contents/Resources/sdk/vexv5/libv5rt.a(v5_apijump.c.obj)
                0x000000000381213c                vexDeviceGpsHeadingGet
 .text.vexDeviceGpsDegreesGet
                0x0000000003812180       0x44 /Applications/VEXcode Pro V5.app/Contents/Resources/sdk/vexv5/libv5rt.a(v5_apijump.c.obj)
                0x0000000003812180                vexDeviceGpsDegreesGet
 .text.vexDeviceGpsAttitudeGet
                0x00000000038121c4      0x198 /Applications/VEXcode Pro V5.app/Contents/Resources/sdk/vexv5/libv5rt.a(v5_apijump.c.obj)
                0x00000000038121c4                vexDeviceGpsAttitudeGet
 .text.vexDeviceGpsStatusGet
                0x000000000381235c       0x40 /Applications/VEXcode Pro V5.app/Contents/Resources/sdk/vexv5/libv5rt.a(v5_apijump.c.obj)
                0x000000000381235c                vexDeviceGpsStatusGet
 .text.vexDeviceGpsModeSet
                0x000000000381239c       0x40 /Applications/VEXcode Pro V5.app/Contents/Resources/sdk/vexv5/libv5rt.a(v5_apijump.c.obj)
                0x000000000381239c                vexDeviceGpsModeSet
 .text.vexDeviceGpsOriginSet
                0x00000000038123dc       0x50 /Applications/VEXcode Pro V5.app/Contents/Resources/sdk/vexv5/libv5rt.a(v5_apijump.c.obj)
                0x00000000038123dc                vexDeviceGpsOriginSet
 .text.vexDeviceGpsRotationSet
                0x000000000381242c       0x48 /Applications/VEXcode Pro V5.app/Contents/Resources/sdk/vexv5/libv5rt.a(v5_apijump.c.obj)
                0x000000000381242c                vexDeviceGpsRotationSet
 .text.vexDeviceGpsRotationGet
                0x0000000003812474       0x44 /Applications/VEXcode Pro V5.app/Contents/Resources/sdk/vexv5/libv5rt.a(v5_apijump.c.obj)
                0x0000000003812474                vexDeviceGpsRotationGet
 .text.vexDisplayForegroundColor
                0x00000000038124b8       0x24 /Applications/VEXcode Pro V5.app/Contents/Resources/sdk/vexv5/libv5rt.a(v5_apijump.c.obj)
                0x00000000038124b8                vexDisplayForegroundColor
 .text.vexDisplayBackgroundColor
                0x00000000038124dc       0x24 /Applications/VEXcode Pro V5.app/Contents/Resources/sdk/vexv5/libv5rt.a(v5_apijump.c.obj)
                0x00000000038124dc                vexDisplayBackgroundColor
 .text.vexDisplayBackgroundColorGet
                0x0000000003812500       0x1c /Applications/VEXcode Pro V5.app/Contents/Resources/sdk/vexv5/libv5rt.a(v5_apijump.c.obj)
                0x0000000003812500                vexDisplayBackgroundColorGet
 .text.vexDisplayRectDraw
                0x000000000381251c       0x4c /Applications/VEXcode Pro V5.app/Contents/Resources/sdk/vexv5/libv5rt.a(v5_apijump.c.obj)
                0x000000000381251c                vexDisplayRectDraw
 .text.vexDisplayRectClear
                0x0000000003812568       0x4c /Applications/VEXcode Pro V5.app/Contents/Resources/sdk/vexv5/libv5rt.a(v5_apijump.c.obj)
                0x0000000003812568                vexDisplayRectClear
 .text.vexDisplayVPrintf
                0x00000000038125b4       0x50 /Applications/VEXcode Pro V5.app/Contents/Resources/sdk/vexv5/libv5rt.a(v5_apijump.c.obj)
                0x00000000038125b4                vexDisplayVPrintf
 .text.vexDisplayTextReference
                0x0000000003812604       0x24 /Applications/VEXcode Pro V5.app/Contents/Resources/sdk/vexv5/libv5rt.a(v5_apijump.c.obj)
                0x0000000003812604                vexDisplayTextReference
 .text.vexDisplayTextSize
                0x0000000003812628       0x2c /Applications/VEXcode Pro V5.app/Contents/Resources/sdk/vexv5/libv5rt.a(v5_apijump.c.obj)
                0x0000000003812628                vexDisplayTextSize
 .text.vexDisplayFontNamedSet
                0x0000000003812654       0x24 /Applications/VEXcode Pro V5.app/Contents/Resources/sdk/vexv5/libv5rt.a(v5_apijump.c.obj)
                0x0000000003812654                vexDisplayFontNamedSet
 .text.vexDisplayStringWidthGet
                0x0000000003812678       0x24 /Applications/VEXcode Pro V5.app/Contents/Resources/sdk/vexv5/libv5rt.a(v5_apijump.c.obj)
                0x0000000003812678                vexDisplayStringWidthGet
 .text.vexDisplayPenSizeSet
                0x000000000381269c       0x24 /Applications/VEXcode Pro V5.app/Contents/Resources/sdk/vexv5/libv5rt.a(v5_apijump.c.obj)
                0x000000000381269c                vexDisplayPenSizeSet
 .text.vexDisplayPenSizeGet
                0x00000000038126c0       0x1c /Applications/VEXcode Pro V5.app/Contents/Resources/sdk/vexv5/libv5rt.a(v5_apijump.c.obj)
                0x00000000038126c0                vexDisplayPenSizeGet
 .text.vexFileOpen
                0x00000000038126dc       0x2c /Applications/VEXcode Pro V5.app/Contents/Resources/sdk/vexv5/libv5rt.a(v5_apijump.c.obj)
                0x00000000038126dc                vexFileOpen
 .text.vexFileClose
                0x0000000003812708       0x24 /Applications/VEXcode Pro V5.app/Contents/Resources/sdk/vexv5/libv5rt.a(v5_apijump.c.obj)
                0x0000000003812708                vexFileClose
 .text.vexFileSize
                0x000000000381272c       0x24 /Applications/VEXcode Pro V5.app/Contents/Resources/sdk/vexv5/libv5rt.a(v5_apijump.c.obj)
                0x000000000381272c                vexFileSize
 .text.vexFileDriveStatus
                0x0000000003812750       0x24 /Applications/VEXcode Pro V5.app/Contents/Resources/sdk/vexv5/libv5rt.a(v5_apijump.c.obj)
                0x0000000003812750                vexFileDriveStatus
 .text.vexSystemStdlibImpureDataAddr
                0x0000000003812774       0x28 /Applications/VEXcode Pro V5.app/Contents/Resources/sdk/vexv5/libv5rt.a(v5_apijump.c.obj)
                0x0000000003812774                vexSystemStdlibImpureDataAddr
 .text.vexSystemStdlibImpureDataSize
                0x000000000381279c       0x28 /Applications/VEXcode Pro V5.app/Contents/Resources/sdk/vexv5/libv5rt.a(v5_apijump.c.obj)
                0x000000000381279c                vexSystemStdlibImpureDataSize
 .text.vexSystemSaveUserData
                0x00000000038127c4       0x3c /Applications/VEXcode Pro V5.app/Contents/Resources/sdk/vexv5/libv5rt.a(v5_apijump.c.obj)
                0x00000000038127c4                vexSystemSaveUserData
 .text.vexTouchDataGet
                0x0000000003812800       0x10 /Applications/VEXcode Pro V5.app/Contents/Resources/sdk/vexv5/libv5rt.a(v5_apijump.c.obj)
                0x0000000003812800                vexTouchDataGet
 .text.vexDisplayThemeIdGet
                0x0000000003812810       0x38 /Applications/VEXcode Pro V5.app/Contents/Resources/sdk/vexv5/libv5rt.a(v5_apijump.c.obj)
                0x0000000003812810                vexDisplayThemeIdGet
 .text.vexDeviceEventMaskSet
                0x0000000003812848       0x48 /Applications/VEXcode Pro V5.app/Contents/Resources/sdk/vexv5/libv5rt.a(v5_apijump.c.obj)
                0x0000000003812848                vexDeviceEventMaskSet
 .text.vexDeviceEventMaskGet
                0x0000000003812890       0x3c /Applications/VEXcode Pro V5.app/Contents/Resources/sdk/vexv5/libv5rt.a(v5_apijump.c.obj)
                0x0000000003812890                vexDeviceEventMaskGet
 .text.vexSystemVersion
                0x00000000038128cc       0x10 /Applications/VEXcode Pro V5.app/Contents/Resources/sdk/vexv5/libv5rt.a(v5_apiversions.c.obj)
                0x00000000038128cc                vexSystemVersion
 .text.vexStdlibVersion
                0x00000000038128dc       0x10 /Applications/VEXcode Pro V5.app/Contents/Resources/sdk/vexv5/libv5rt.a(v5_apiversions.c.obj)
                0x00000000038128dc                vexStdlibVersion
 *fill*         0x00000000038128ec        0x4 
 .text._ZN3vex4waitEdNS_9timeUnitsE
                0x00000000038128f0       0x30 /Applications/VEXcode Pro V5.app/Contents/Resources/sdk/vexv5/libv5rt.a(vex_global.cpp.obj)
                0x00000000038128f0                vex::wait(double, vex::timeUnits)
 .text._ZN3vex5motorD2Ev
                0x0000000003812920       0x20 /Applications/VEXcode Pro V5.app/Contents/Resources/sdk/vexv5/libv5rt.a(vex_motor.cpp.obj)
                0x0000000003812920                vex::motor::~motor()
                0x0000000003812920                vex::motor::~motor()
 .text._ZN3vex5motorD0Ev
                0x0000000003812940       0x1c /Applications/VEXcode Pro V5.app/Contents/Resources/sdk/vexv5/libv5rt.a(vex_motor.cpp.obj)
                0x0000000003812940                vex::motor::~motor()
 .text._ZN3vex5motor9installedEv
                0x000000000381295c       0x18 /Applications/VEXcode Pro V5.app/Contents/Resources/sdk/vexv5/libv5rt.a(vex_motor.cpp.obj)
                0x000000000381295c                vex::motor::installed()
 .text._ZN3vex5motor15defaultStoppingENS_9brakeTypeE
                0x0000000003812974       0x30 /Applications/VEXcode Pro V5.app/Contents/Resources/sdk/vexv5/libv5rt.a(vex_motor.cpp.obj)
                0x0000000003812974                vex::motor::defaultStopping(vex::brakeType)
 .text._ZN3vex5motor11setStoppingENS_9brakeTypeE
                0x00000000038129a4        0x4 /Applications/VEXcode Pro V5.app/Contents/Resources/sdk/vexv5/libv5rt.a(vex_motor.cpp.obj)
                0x00000000038129a4                vex::motor::setStopping(vex::brakeType)
 .text._ZN3vex5motorC2El
                0x00000000038129a8       0x78 /Applications/VEXcode Pro V5.app/Contents/Resources/sdk/vexv5/libv5rt.a(vex_motor.cpp.obj)
                0x00000000038129a8                vex::motor::motor(long)
                0x00000000038129a8                vex::motor::motor(long)
 .text._ZN3vex5motorC2ElNS_11gearSettingEb
                0x0000000003812a20       0x34 /Applications/VEXcode Pro V5.app/Contents/Resources/sdk/vexv5/libv5rt.a(vex_motor.cpp.obj)
                0x0000000003812a20                vex::motor::motor(long, vex::gearSetting, bool)
                0x0000000003812a20                vex::motor::motor(long, vex::gearSetting, bool)
 .text._ZN3vex5motorC2Elb
                0x0000000003812a54       0x24 /Applications/VEXcode Pro V5.app/Contents/Resources/sdk/vexv5/libv5rt.a(vex_motor.cpp.obj)
                0x0000000003812a54                vex::motor::motor(long, bool)
                0x0000000003812a54                vex::motor::motor(long, bool)
 .text._ZN3vex5motor4spinENS_13directionTypeEdNS_12voltageUnitsE
                0x0000000003812a78       0x50 /Applications/VEXcode Pro V5.app/Contents/Resources/sdk/vexv5/libv5rt.a(vex_motor.cpp.obj)
                0x0000000003812a78                vex::motor::spin(vex::directionType, double, vex::voltageUnits)
 .text._ZN3vex5motor4stopENS_9brakeTypeE
                0x0000000003812ac8       0x30 /Applications/VEXcode Pro V5.app/Contents/Resources/sdk/vexv5/libv5rt.a(vex_motor.cpp.obj)
                0x0000000003812ac8                vex::motor::stop(vex::brakeType)
 .text._ZN3vex5motor4stopEv
                0x0000000003812af8        0x8 /Applications/VEXcode Pro V5.app/Contents/Resources/sdk/vexv5/libv5rt.a(vex_motor.cpp.obj)
                0x0000000003812af8                vex::motor::stop()
 .text._ZN3vex5motor11temperatureENS_16temperatureUnitsE
                0x0000000003812b00       0x40 /Applications/VEXcode Pro V5.app/Contents/Resources/sdk/vexv5/libv5rt.a(vex_motor.cpp.obj)
                0x0000000003812b00                vex::motor::temperature(vex::temperatureUnits)
 .text._ZN3vex5motor16velocityToScaledEdNS_13velocityUnitsE
                0x0000000003812b40       0x5c /Applications/VEXcode Pro V5.app/Contents/Resources/sdk/vexv5/libv5rt.a(vex_motor.cpp.obj)
                0x0000000003812b40                vex::motor::velocityToScaled(double, vex::velocityUnits)
 .text._ZN3vex5motor8velocityENS_13velocityUnitsE
                0x0000000003812b9c       0x30 /Applications/VEXcode Pro V5.app/Contents/Resources/sdk/vexv5/libv5rt.a(vex_motor.cpp.obj)
                0x0000000003812b9c                vex::motor::velocity(vex::velocityUnits)
 .text._ZN3vex5motor5valueEv
                0x0000000003812bcc       0x1c /Applications/VEXcode Pro V5.app/Contents/Resources/sdk/vexv5/libv5rt.a(vex_motor.cpp.obj)
                0x0000000003812bcc                vex::motor::value()
 .text._ZN3vex5motor16scaledToVelocityEdNS_13velocityUnitsE
                0x0000000003812be8       0xa4 /Applications/VEXcode Pro V5.app/Contents/Resources/sdk/vexv5/libv5rt.a(vex_motor.cpp.obj)
                0x0000000003812be8                vex::motor::scaledToVelocity(double, vex::velocityUnits)
 .text._ZN3vex5motor4spinENS_13directionTypeEdNS_13velocityUnitsE
                0x0000000003812c8c       0x5c /Applications/VEXcode Pro V5.app/Contents/Resources/sdk/vexv5/libv5rt.a(vex_motor.cpp.obj)
                0x0000000003812c8c                vex::motor::spin(vex::directionType, double, vex::velocityUnits)
 .text._ZN3vex5motor4spinENS_13directionTypeE
                0x0000000003812ce8       0x28 /Applications/VEXcode Pro V5.app/Contents/Resources/sdk/vexv5/libv5rt.a(vex_motor.cpp.obj)
                0x0000000003812ce8                vex::motor::spin(vex::directionType)
 .text._ZN3vex5motor11setVelocityEdNS_13velocityUnitsE
                0x0000000003812d10       0x54 /Applications/VEXcode Pro V5.app/Contents/Resources/sdk/vexv5/libv5rt.a(vex_motor.cpp.obj)
                0x0000000003812d10                vex::motor::setVelocity(double, vex::velocityUnits)
 .text._ZN3vex5motor16setRotationUnitsENS_13rotationUnitsE
                0x0000000003812d64       0x1c /Applications/VEXcode Pro V5.app/Contents/Resources/sdk/vexv5/libv5rt.a(vex_motor.cpp.obj)
                0x0000000003812d64                vex::motor::setRotationUnits(vex::rotationUnits)
 .text._ZN3vex5motor8positionENS_13rotationUnitsE
                0x0000000003812d80       0x44 /Applications/VEXcode Pro V5.app/Contents/Resources/sdk/vexv5/libv5rt.a(vex_motor.cpp.obj)
                0x0000000003812d80                vex::motor::position(vex::rotationUnits)
 .text._ZN3vex8inertial11getTurnTypeEv
                0x0000000003812dc4        0x8 /Applications/VEXcode Pro V5.app/Contents/Resources/sdk/vexv5/libv5rt.a(vex_imu.cpp.obj)
                0x0000000003812dc4                vex::inertial::getTurnType()
 .text._ZThn16_N3vex8inertial11getTurnTypeEv
                0x0000000003812dcc        0x8 /Applications/VEXcode Pro V5.app/Contents/Resources/sdk/vexv5/libv5rt.a(vex_imu.cpp.obj)
                0x0000000003812dcc                non-virtual thunk to vex::inertial::getTurnType()
 *fill*         0x0000000003812dd4        0x4 
 .text._ZN3vex8inertial10setHeadingEdNS_13rotationUnitsE
                0x0000000003812dd8       0x58 /Applications/VEXcode Pro V5.app/Contents/Resources/sdk/vexv5/libv5rt.a(vex_imu.cpp.obj)
                0x0000000003812dd8                vex::inertial::setHeading(double, vex::rotationUnits)
 .text._ZThn16_N3vex8inertial10setHeadingEdNS_13rotationUnitsE
                0x0000000003812e30        0x8 /Applications/VEXcode Pro V5.app/Contents/Resources/sdk/vexv5/libv5rt.a(vex_imu.cpp.obj)
                0x0000000003812e30                non-virtual thunk to vex::inertial::setHeading(double, vex::rotationUnits)
 .text._ZN3vex8inertial11setRotationEdNS_13rotationUnitsE
                0x0000000003812e38       0x58 /Applications/VEXcode Pro V5.app/Contents/Resources/sdk/vexv5/libv5rt.a(vex_imu.cpp.obj)
                0x0000000003812e38                vex::inertial::setRotation(double, vex::rotationUnits)
 .text._ZThn16_N3vex8inertial11setRotationEdNS_13rotationUnitsE
                0x0000000003812e90        0x8 /Applications/VEXcode Pro V5.app/Contents/Resources/sdk/vexv5/libv5rt.a(vex_imu.cpp.obj)
                0x0000000003812e90                non-virtual thunk to vex::inertial::setRotation(double, vex::rotationUnits)
 .text._ZN3vex8inertialD2Ev
                0x0000000003812e98       0x20 /Applications/VEXcode Pro V5.app/Contents/Resources/sdk/vexv5/libv5rt.a(vex_imu.cpp.obj)
                0x0000000003812e98                vex::inertial::~inertial()
                0x0000000003812e98                vex::inertial::~inertial()
 .text._ZThn16_N3vex8inertialD1Ev
                0x0000000003812eb8        0x8 /Applications/VEXcode Pro V5.app/Contents/Resources/sdk/vexv5/libv5rt.a(vex_imu.cpp.obj)
                0x0000000003812eb8                non-virtual thunk to vex::inertial::~inertial()
 .text._ZN3vex8inertialD0Ev
                0x0000000003812ec0       0x1c /Applications/VEXcode Pro V5.app/Contents/Resources/sdk/vexv5/libv5rt.a(vex_imu.cpp.obj)
                0x0000000003812ec0                vex::inertial::~inertial()
 .text._ZThn16_N3vex8inertialD0Ev
                0x0000000003812edc        0x8 /Applications/VEXcode Pro V5.app/Contents/Resources/sdk/vexv5/libv5rt.a(vex_imu.cpp.obj)
                0x0000000003812edc                non-virtual thunk to vex::inertial::~inertial()
 .text._ZN3vex8inertial9installedEv
                0x0000000003812ee4       0x18 /Applications/VEXcode Pro V5.app/Contents/Resources/sdk/vexv5/libv5rt.a(vex_imu.cpp.obj)
                0x0000000003812ee4                vex::inertial::installed()
 .text._ZN3vex8inertial5angleENS_13rotationUnitsE
                0x0000000003812efc       0x6c /Applications/VEXcode Pro V5.app/Contents/Resources/sdk/vexv5/libv5rt.a(vex_imu.cpp.obj)
                0x0000000003812efc                vex::inertial::angle(vex::rotationUnits)
 .text._ZThn16_N3vex8inertial5angleENS_13rotationUnitsE
                0x0000000003812f68        0x8 /Applications/VEXcode Pro V5.app/Contents/Resources/sdk/vexv5/libv5rt.a(vex_imu.cpp.obj)
                0x0000000003812f68                non-virtual thunk to vex::inertial::angle(vex::rotationUnits)
 .text._ZN3vex8inertial7headingENS_13rotationUnitsE
                0x0000000003812f70        0x4 /Applications/VEXcode Pro V5.app/Contents/Resources/sdk/vexv5/libv5rt.a(vex_imu.cpp.obj)
                0x0000000003812f70                vex::inertial::heading(vex::rotationUnits)
 .text._ZThn16_N3vex8inertial7headingENS_13rotationUnitsE
                0x0000000003812f74        0x8 /Applications/VEXcode Pro V5.app/Contents/Resources/sdk/vexv5/libv5rt.a(vex_imu.cpp.obj)
                0x0000000003812f74                non-virtual thunk to vex::inertial::heading(vex::rotationUnits)
 .text._ZN3vex8inertial5valueEv
                0x0000000003812f7c       0x1c /Applications/VEXcode Pro V5.app/Contents/Resources/sdk/vexv5/libv5rt.a(vex_imu.cpp.obj)
                0x0000000003812f7c                vex::inertial::value()
 .text._ZN3vex8inertial8rotationENS_13rotationUnitsE
                0x0000000003812f98       0x48 /Applications/VEXcode Pro V5.app/Contents/Resources/sdk/vexv5/libv5rt.a(vex_imu.cpp.obj)
                0x0000000003812f98                vex::inertial::rotation(vex::rotationUnits)
 .text._ZThn16_N3vex8inertial8rotationENS_13rotationUnitsE
                0x0000000003812fe0        0x8 /Applications/VEXcode Pro V5.app/Contents/Resources/sdk/vexv5/libv5rt.a(vex_imu.cpp.obj)
                0x0000000003812fe0                non-virtual thunk to vex::inertial::rotation(vex::rotationUnits)
 .text._ZN3vex8inertial13isCalibratingEv
                0x0000000003812fe8       0x38 /Applications/VEXcode Pro V5.app/Contents/Resources/sdk/vexv5/libv5rt.a(vex_imu.cpp.obj)
                0x0000000003812fe8                vex::inertial::isCalibrating()
 .text._ZThn16_N3vex8inertial13isCalibratingEv
                0x0000000003813020        0x8 /Applications/VEXcode Pro V5.app/Contents/Resources/sdk/vexv5/libv5rt.a(vex_imu.cpp.obj)
                0x0000000003813020                non-virtual thunk to vex::inertial::isCalibrating()
 .text._ZN3vex8inertialC2ElNS_8turnTypeE
                0x0000000003813028       0x4c /Applications/VEXcode Pro V5.app/Contents/Resources/sdk/vexv5/libv5rt.a(vex_imu.cpp.obj)
                0x0000000003813028                vex::inertial::inertial(long, vex::turnType)
                0x0000000003813028                vex::inertial::inertial(long, vex::turnType)
 *fill*         0x0000000003813074        0x4 
 .text._ZN3vex8inertial4rollENS_13rotationUnitsE
                0x0000000003813078       0x40 /Applications/VEXcode Pro V5.app/Contents/Resources/sdk/vexv5/libv5rt.a(vex_imu.cpp.obj)
                0x0000000003813078                vex::inertial::roll(vex::rotationUnits)
 .text._ZN3vex8inertial5pitchENS_13rotationUnitsE
                0x00000000038130b8       0x40 /Applications/VEXcode Pro V5.app/Contents/Resources/sdk/vexv5/libv5rt.a(vex_imu.cpp.obj)
                0x00000000038130b8                vex::inertial::pitch(vex::rotationUnits)
 .text._ZN3vex8inertial16startCalibrationEl
                0x00000000038130f8       0x20 /Applications/VEXcode Pro V5.app/Contents/Resources/sdk/vexv5/libv5rt.a(vex_imu.cpp.obj)
                0x00000000038130f8                vex::inertial::startCalibration(long)
 .text._ZN3vex8inertial9calibrateEl
                0x0000000003813118        0xc /Applications/VEXcode Pro V5.app/Contents/Resources/sdk/vexv5/libv5rt.a(vex_imu.cpp.obj)
                0x0000000003813118                vex::inertial::calibrate(long)
                0x000000000381311c                non-virtual thunk to vex::inertial::calibrate(long)
 .text._ZN3vex8rotationD2Ev
                0x0000000003813124       0x20 /Applications/VEXcode Pro V5.app/Contents/Resources/sdk/vexv5/libv5rt.a(vex_rotation.cpp.obj)
                0x0000000003813124                vex::rotation::~rotation()
                0x0000000003813124                vex::rotation::~rotation()
 .text._ZN3vex8rotationD0Ev
                0x0000000003813144       0x1c /Applications/VEXcode Pro V5.app/Contents/Resources/sdk/vexv5/libv5rt.a(vex_rotation.cpp.obj)
                0x0000000003813144                vex::rotation::~rotation()
 .text._ZN3vex8rotation9installedEv
                0x0000000003813160       0x18 /Applications/VEXcode Pro V5.app/Contents/Resources/sdk/vexv5/libv5rt.a(vex_rotation.cpp.obj)
                0x0000000003813160                vex::rotation::installed()
 .text._ZN3vex8rotation5valueEv
                0x0000000003813178        0x8 /Applications/VEXcode Pro V5.app/Contents/Resources/sdk/vexv5/libv5rt.a(vex_rotation.cpp.obj)
                0x0000000003813178                vex::rotation::value()
 .text._ZN3vex8rotationC2Elb
                0x0000000003813180       0x30 /Applications/VEXcode Pro V5.app/Contents/Resources/sdk/vexv5/libv5rt.a(vex_rotation.cpp.obj)
                0x0000000003813180                vex::rotation::rotation(long, bool)
                0x0000000003813180                vex::rotation::rotation(long, bool)
 .text._ZN3vex8rotation8positionENS_13rotationUnitsE
                0x00000000038131b0       0x50 /Applications/VEXcode Pro V5.app/Contents/Resources/sdk/vexv5/libv5rt.a(vex_rotation.cpp.obj)
                0x00000000038131b0                vex::rotation::position(vex::rotationUnits)
 .text._ZN3vex7opticalD2Ev
                0x0000000003813200       0x20 /Applications/VEXcode Pro V5.app/Contents/Resources/sdk/vexv5/libv5rt.a(vex_optical.cpp.obj)
                0x0000000003813200                vex::optical::~optical()
                0x0000000003813200                vex::optical::~optical()
 .text._ZN3vex7opticalD0Ev
                0x0000000003813220       0x1c /Applications/VEXcode Pro V5.app/Contents/Resources/sdk/vexv5/libv5rt.a(vex_optical.cpp.obj)
                0x0000000003813220                vex::optical::~optical()
 .text._ZN3vex7optical9installedEv
                0x000000000381323c       0x18 /Applications/VEXcode Pro V5.app/Contents/Resources/sdk/vexv5/libv5rt.a(vex_optical.cpp.obj)
                0x000000000381323c                vex::optical::installed()
 .text._ZN3vex7optical3hueEv
                0x0000000003813254        0x8 /Applications/VEXcode Pro V5.app/Contents/Resources/sdk/vexv5/libv5rt.a(vex_optical.cpp.obj)
                0x0000000003813254                vex::optical::hue()
 .text._ZN3vex7optical5valueEv
                0x000000000381325c       0x18 /Applications/VEXcode Pro V5.app/Contents/Resources/sdk/vexv5/libv5rt.a(vex_optical.cpp.obj)
                0x000000000381325c                vex::optical::value()
 *fill*         0x0000000003813274        0x4 
 .text._ZN3vex7optical10brightnessEb
                0x0000000003813278       0x50 /Applications/VEXcode Pro V5.app/Contents/Resources/sdk/vexv5/libv5rt.a(vex_optical.cpp.obj)
                0x0000000003813278                vex::optical::brightness(bool)
 .text._ZN3vex7optical12isNearObjectEv
                0x00000000038132c8       0x24 /Applications/VEXcode Pro V5.app/Contents/Resources/sdk/vexv5/libv5rt.a(vex_optical.cpp.obj)
                0x00000000038132c8                vex::optical::isNearObject()
 .text._ZN3vex7optical13setLightPowerElNS_12percentUnitsE
                0x00000000038132ec       0x2c /Applications/VEXcode Pro V5.app/Contents/Resources/sdk/vexv5/libv5rt.a(vex_optical.cpp.obj)
                0x00000000038132ec                vex::optical::setLightPower(long, vex::percentUnits)
 .text._ZN3vex7optical21objectDetectThresholdEl
                0x0000000003813318       0x18 /Applications/VEXcode Pro V5.app/Contents/Resources/sdk/vexv5/libv5rt.a(vex_optical.cpp.obj)
                0x0000000003813318                vex::optical::objectDetectThreshold(long)
 .text._ZN3vex7optical13gestureEnableEv
                0x0000000003813330        0x8 /Applications/VEXcode Pro V5.app/Contents/Resources/sdk/vexv5/libv5rt.a(vex_optical.cpp.obj)
                0x0000000003813330                vex::optical::gestureEnable()
 .text._ZN3vex7optical14gestureDisableEv
                0x0000000003813338        0x8 /Applications/VEXcode Pro V5.app/Contents/Resources/sdk/vexv5/libv5rt.a(vex_optical.cpp.obj)
                0x0000000003813338                vex::optical::gestureDisable()
 .text._ZN3vex7opticalC2Elb
                0x0000000003813340       0x54 /Applications/VEXcode Pro V5.app/Contents/Resources/sdk/vexv5/libv5rt.a(vex_optical.cpp.obj)
                0x0000000003813340                vex::optical::optical(long, bool)
                0x0000000003813340                vex::optical::optical(long, bool)
 .text._ZN3vex8distanceD2Ev
                0x0000000003813394       0x20 /Applications/VEXcode Pro V5.app/Contents/Resources/sdk/vexv5/libv5rt.a(vex_distance.cpp.obj)
                0x0000000003813394                vex::distance::~distance()
                0x0000000003813394                vex::distance::~distance()
 .text._ZN3vex8distanceD0Ev
                0x00000000038133b4       0x1c /Applications/VEXcode Pro V5.app/Contents/Resources/sdk/vexv5/libv5rt.a(vex_distance.cpp.obj)
                0x00000000038133b4                vex::distance::~distance()
 .text._ZN3vex8distance9installedEv
                0x00000000038133d0       0x18 /Applications/VEXcode Pro V5.app/Contents/Resources/sdk/vexv5/libv5rt.a(vex_distance.cpp.obj)
                0x00000000038133d0                vex::distance::installed()
 .text._ZN3vex8distance5valueEv
                0x00000000038133e8        0x8 /Applications/VEXcode Pro V5.app/Contents/Resources/sdk/vexv5/libv5rt.a(vex_distance.cpp.obj)
                0x00000000038133e8                vex::distance::value()
 .text._ZN3vex8distanceC2El
                0x00000000038133f0       0x20 /Applications/VEXcode Pro V5.app/Contents/Resources/sdk/vexv5/libv5rt.a(vex_distance.cpp.obj)
                0x00000000038133f0                vex::distance::distance(long)
                0x00000000038133f0                vex::distance::distance(long)
 .text._ZN3vex8distance14objectDistanceENS_13distanceUnitsE
                0x0000000003813410       0x48 /Applications/VEXcode Pro V5.app/Contents/Resources/sdk/vexv5/libv5rt.a(vex_distance.cpp.obj)
                0x0000000003813410                vex::distance::objectDistance(vex::distanceUnits)
 .text._ZN3vex8distance16isObjectDetectedEv
                0x0000000003813458       0x80 /Applications/VEXcode Pro V5.app/Contents/Resources/sdk/vexv5/libv5rt.a(vex_distance.cpp.obj)
                0x0000000003813458                vex::distance::isObjectDetected()
 .text._ZN3vex3gps11getTurnTypeEv
                0x00000000038134d8        0x8 /Applications/VEXcode Pro V5.app/Contents/Resources/sdk/vexv5/libv5rt.a(vex_gps.cpp.obj)
                0x00000000038134d8                vex::gps::getTurnType()
 .text._ZThn16_N3vex3gps11getTurnTypeEv
                0x00000000038134e0        0x8 /Applications/VEXcode Pro V5.app/Contents/Resources/sdk/vexv5/libv5rt.a(vex_gps.cpp.obj)
                0x00000000038134e0                non-virtual thunk to vex::gps::getTurnType()
 .text._ZN3vex3gps10setHeadingEdNS_13rotationUnitsE
                0x00000000038134e8       0x58 /Applications/VEXcode Pro V5.app/Contents/Resources/sdk/vexv5/libv5rt.a(vex_gps.cpp.obj)
                0x00000000038134e8                vex::gps::setHeading(double, vex::rotationUnits)
 .text._ZThn16_N3vex3gps10setHeadingEdNS_13rotationUnitsE
                0x0000000003813540        0x8 /Applications/VEXcode Pro V5.app/Contents/Resources/sdk/vexv5/libv5rt.a(vex_gps.cpp.obj)
                0x0000000003813540                non-virtual thunk to vex::gps::setHeading(double, vex::rotationUnits)
 .text._ZN3vex3gps11setRotationEdNS_13rotationUnitsE